== family別 RMSLE: fold0 vs fold1-4平均（悪化幅の大きい順 上位12）==
                             fold0  fold1_4    diff  fold0_SSE比
family                                                         
SCHOOL AND OFFICE SUPPLIES  1.9248   0.7013  1.2234       0.385
BEVERAGES                   0.2676   0.2068  0.0608       0.007
HOME CARE                   0.2751   0.2173  0.0579       0.008
GROCERY II                  0.6606   0.6150  0.0456       0.045
CLEANING                    0.3509   0.3059  0.0450       0.013
MEATS                       0.2301   0.1863  0.0438       0.006
LINGERIE                    0.7311   0.6936  0.0375       0.056
MAGAZINES                   0.5808   0.5452  0.0355       0.035
BREAD/BAKERY                0.1923   0.1600  0.0323       0.004
GROCERY I                   0.2061   0.1752  0.0309       0.004
DELI                        0.2096   0.1809  0.0287       0.005
POULTRY                     0.2304   0.2018  0.0286       0.006

== fold0 の日別 RMSLE ==
2017-07-31    0.4682
2017-08-01    0.5387
2017-08-02    0.5473
2017-08-03    0.5265
2017-08-04    0.5418
2017-08-05    0.4901
2017-08-06    0.4973
2017-08-07    0.5361
2017-08-08    0.5537
2017-08-09    0.5436
2017-08-10    0.5405
2017-08-11    0.6076
2017-08-12    0.5591
2017-08-13    0.5350
2017-08-14    0.5663
2017-08-15    0.5695
Freq: D

== SCHOOL AND OFFICE SUPPLIES の月別 総売上（年×月）==
date      1       2       3        4        5       6       7        8        9       10      11      12
date                                                                                                    
2013     0.0     0.0     0.0      0.0      0.0     0.0     0.0      0.0      0.0     0.0     0.0     0.0
2014  1861.0     0.0  2235.0      0.0      0.0     0.0  1958.0      0.0  18367.0  3026.0  2546.0  1992.0
2015     0.0     0.0     0.0      0.0      0.0  1994.0  1545.0  16148.0  15719.0  2927.0  2612.0  2392.0
2016  3108.0  2815.0  3218.0   8950.0  10427.0  2461.0  1746.0  17214.0  23556.0  3128.0  2543.0  2050.0
2017  2875.0  1789.0  8246.0  28689.0   9658.0  2555.0  8797.0  50169.0      NaN     NaN     NaN     NaN

== fold0 SSE 寄与 上位10 family ==
family
SCHOOL AND OFFICE SUPPLIES    0.385
LINGERIE                      0.056
GROCERY II                    0.045
BEAUTY                        0.036
AUTOMOTIVE                    0.036
HARDWARE                      0.036
CELEBRATION                   0.035
MAGAZINES                     0.035
SEAFOOD                       0.032
PET SUPPLIES                  0.028
