fold0 RMSLE 0.3921  best_iter 1339  102s
fold1 RMSLE 0.4018  best_iter 102  23s
fold2 RMSLE 0.3802  best_iter 135  26s
fold3 RMSLE 0.3867  best_iter 1068  87s
fold4 RMSLE 0.3923  best_iter 1261  95s

== e04 TE (start=2015-01-01, level_days=365, m=20) mean 0.3906 ==
   folds [0.3921, 0.4018, 0.3802, 0.3867, 0.3923]  iters [1339, 102, 135, 1068, 1261]

== 重要度 top20 (gain 比) ==
rmean7             0.6557
dow4_mean          0.1274
rmean14            0.0867
dow2_mean          0.0307
rmean28            0.0287
te_level           0.0100
promo_ma7          0.0067
is_nye             0.0065
family             0.0038
lag21              0.0032
promo_store_day    0.0025
promo_ma28         0.0024
lag63              0.0024
store_nbr          0.0019
dayofyear          0.0019
lag49              0.0018
lag16              0.0017
yoy_ratio          0.0017
te_f_month         0.0017
te_f_doy_bin       0.0017

== TE 列の合計 gain 比: 0.0179 ==
