fold0 RMSLE 0.3863  best_iter 1416  81s
fold1 RMSLE 0.3996  best_iter 115  19s
fold2 RMSLE 0.3777  best_iter 592  39s
fold3 RMSLE 0.3821  best_iter 541  38s
fold4 RMSLE 0.3868  best_iter 1266  66s

== e05 TE(expanding) (start=2015-01-01, level_days=365, m=20) mean 0.3865 ==
   folds [0.3863, 0.3996, 0.3777, 0.3821, 0.3868]  iters [1416, 115, 592, 541, 1266]

== 重要度 top20 (gain 比) ==
rmean7             0.6561
dow4_mean          0.1297
rmean14            0.0853
dow2_mean          0.0299
rmean28            0.0295
te_level           0.0099
is_nye             0.0065
promo_ma7          0.0063
family             0.0043
te_f_promo         0.0042
promo_store_day    0.0024
lag63              0.0023
promo_ma28         0.0023
store_nbr          0.0021
te_f_month         0.0019
dayofyear          0.0017
lag21              0.0017
lag49              0.0017
lag364             0.0016
onpromotion        0.0015

== TE 列の合計 gain 比: 0.0204 ==
