2016後半 RMSLE 0.6763
2016前半 RMSLE 0.4335

== 日別 RMSLE（2016-08後半）==
date
2016-08-16    0.5533
2016-08-17    0.5390
2016-08-18    0.5463
2016-08-19    0.5447
2016-08-20    0.5638
2016-08-21    0.5961
2016-08-22    0.7140
2016-08-23    0.7287
2016-08-24    0.7288
2016-08-25    0.7247
2016-08-26    0.7585
2016-08-27    0.7958
2016-08-28    0.7547
2016-08-29    0.7178
2016-08-30    0.7351
2016-08-31    0.7233

== 店舗別 SSE 寄与 上位10 ==
            rmsle    bias    SSE比
store_nbr                        
18         2.9738  2.2568  0.3580
25         2.8546  1.8139  0.3299
13         0.4624 -0.0141  0.0087
10         0.4602 -0.0879  0.0086
15         0.4556 -0.0737  0.0084
39         0.4483 -0.0455  0.0081
40         0.4478 -0.0502  0.0081
19         0.4474 -0.0005  0.0081
26         0.4407 -0.0426  0.0079
20         0.4391 -0.0389  0.0078

== family別 SSE 寄与 上位8 ==
                   rmsle    SSE比
family                          
BEVERAGES         1.1273  0.0842
GROCERY I         1.1229  0.0835
PRODUCE           1.0794  0.0772
DAIRY             0.8945  0.0530
CLEANING          0.8887  0.0523
BREAD/BAKERY      0.8691  0.0500
LIQUOR,WINE,BEER  0.8035  0.0428
EGGS              0.7228  0.0346

== 予測 > 実績（過大予測）の割合と、実績0の行の割合 ==
  過大予測 44.7%   実績 sales==0 の行 19.5%
  実績0 の行の SSE 寄与: 74.3%

== 上位寄与店舗の日別 実績合計（0 なら休業）==
store_nbr       13   18      25
date                           
2016-08-16  6029.0  0.0  6576.0
2016-08-17  5090.0  0.0  7418.0
2016-08-18  5085.0  0.0  5668.0
2016-08-19  5476.0  0.0  8461.0
2016-08-20  7628.0  0.0  7762.0
2016-08-21  5337.0  0.0  6258.0
2016-08-22  5541.0  0.0     0.0
2016-08-23  6648.0  0.0     0.0
2016-08-24  5791.0  0.0     0.0
2016-08-25  4398.0  0.0     0.0
2016-08-26  5580.0  0.0     0.0
2016-08-27  7921.0  0.0     0.0
2016-08-28  4233.0  0.0     0.0
2016-08-29  5891.0  0.0     0.0
2016-08-30  5133.0  0.0     0.0
2016-08-31  5933.0  0.0     0.0

== 参考: 同店舗の 2016-08前半 日別実績合計 ==
store_nbr       13       18       25
date                                
2016-07-31  6446.0  14461.0   6857.0
2016-08-01  7980.0  11391.0   7763.0
2016-08-02  8810.0  10901.0   6202.0
2016-08-03  6755.0   7712.0   8145.0
2016-08-04  6146.0   7850.0   6027.0
2016-08-05  5741.0   7737.0   7928.0
2016-08-06  8945.0  10441.0   9566.0
2016-08-07  6298.0  12565.0   6780.0
2016-08-08  6336.0   8615.0   7994.0
2016-08-09  6709.0   9280.0   6670.0
2016-08-10  5231.0   6604.0   9308.0
2016-08-11  5213.0   7989.0  11377.0
2016-08-12  5833.0   7256.0  21941.0
2016-08-13  6987.0   7271.0  15623.0
2016-08-14  4412.0   8085.0   7681.0
2016-08-15  6186.0      0.0   7986.0
