base (leaves128/min100/lr.05)    A 0.3841  B 0.3815  平均 0.3828  66s
leaves 256                       A 0.3840  B 0.3818  平均 0.3829  95s
leaves 512                       A 0.3845  B 0.3815  平均 0.3830  148s
leaves 64                        A 0.3871  B 0.3853  平均 0.3862  49s
min_data 20                      A 0.3849  B 0.3825  平均 0.3837  65s
min_data 300                     A 0.3861  B 0.3831  平均 0.3846  68s
lr .03 / iter 1600               A 0.3842  B 0.3821  平均 0.3832  114s
feature_fraction .5              A 0.3850  B 0.3843  平均 0.3847  91s
lambda_l2 10                     A 0.3848  B 0.3826  平均 0.3837  67s
objective huber                  A 0.3868  B 0.3826  平均 0.3847  69s

== base 比（負が改善 / 採用は符号一致かつ |差| >= 0.002）==
base (leaves128/min100/lr.05)    A +0.0000  B +0.0000  平均 +0.0000   判定不能
leaves 256                       A -0.0001  B +0.0004  平均 +0.0001   符号不一致
leaves 512                       A +0.0004  B +0.0001  平均 +0.0002   判定不能
leaves 64                        A +0.0030  B +0.0039  平均 +0.0034   採用可
min_data 20                      A +0.0008  B +0.0010  平均 +0.0009   判定不能
min_data 300                     A +0.0020  B +0.0016  平均 +0.0018   判定不能
lr .03 / iter 1600               A +0.0001  B +0.0007  平均 +0.0004   判定不能
feature_fraction .5              A +0.0010  B +0.0028  平均 +0.0019   判定不能
lambda_l2 10                     A +0.0007  B +0.0012  平均 +0.0010   判定不能
objective huber                  A +0.0027  B +0.0011  平均 +0.0019   判定不能
