全94特徴                ( 94特徴) A 0.3944  B 0.3850  平均 0.3897  108s
56特徴(ベース)            ( 56特徴) A 0.3841  B 0.3815  平均 0.3828  66s
+transactions のみ     ( 62特徴) A 0.3853  B 0.3837  平均 0.3845  70s
+集約系列のみ              ( 68特徴) A 0.3864  B 0.3823  平均 0.3844  73s
+未来promoのみ           ( 62特徴) A 0.4010  B 0.3814  平均 0.3912  69s
+状態量のみ               ( 59特徴) A 0.3844  B 0.3832  平均 0.3838  67s
+カレンダー2のみ            ( 61特徴) A 0.3832  B 0.3868  平均 0.3850  68s

== 56特徴ベース比（負が改善 / 採用は符号一致かつ |差|>=0.002）==
全94特徴                A +0.0103  B +0.0036  平均 +0.0069   同方向だが小
56特徴(ベース)            A +0.0000  B +0.0000  平均 +0.0000   同方向だが小
+transactions のみ     A +0.0012  B +0.0023  平均 +0.0017   同方向だが小
+集約系列のみ              A +0.0023  B +0.0009  平均 +0.0016   同方向だが小
+未来promoのみ           A +0.0169  B -0.0000  平均 +0.0085   符号不一致
+状態量のみ               A +0.0003  B +0.0018  平均 +0.0010   同方向だが小
+カレンダー2のみ            A -0.0009  B +0.0054  平均 +0.0023   符号不一致

== 全94特徴・fold A の重要度 top25 ==
rmean7             0.5587
ewm0.1             0.2284
dow4_mean          0.0590
rmean14            0.0437
dow2_mean          0.0204
rmean28            0.0146
lag63              0.0063
is_nye             0.0060
ewm0.3             0.0046
promo_ctr7         0.0046
rmean365           0.0046
family             0.0034
lag56              0.0029
promo_ma7          0.0027
rmean56            0.0024
lag49              0.0024
lag364             0.0023
rmed91             0.0022
lag182             0.0021
lag16              0.0020
store_nbr          0.0019
dayofyear          0.0016
oil_ma28           0.0015
agF_lag21          0.0015
promo_store_day    0.0010

== 新規特徴の合計 gain 比: 0.2506 ==
