ベース56特徴  A 0.3841  B 0.3813  平均 0.3827

== 重要度（gain比）上位10 / 下位10 ==
rmean7       0.7691
dow4_mean    0.0589
dow2_mean    0.0441
rmean28      0.0430
rmean14      0.0094
promo_ma7    0.0071
lag63        0.0065
rmean365     0.0062
rmean56      0.0055
is_nye       0.0051
  ...
lag18           0.00009
lag19           0.00007
hol_any         0.00006
state           0.00002
is_event        0.00002
type            0.00001
is_payday       0.00001
hol_local       0.00000
hol_regional    0.00000
is_workday      0.00000

== 下位カット ==
下位10カット (46特徴)  A 0.3839(-0.0002)  B 0.3804(-0.0010)  平均 0.3822(-0.0006)  同方向だが小
下位20カット (36特徴)  A 0.3860(+0.0019)  B 0.3837(+0.0024)  平均 0.3848(+0.0021)  同方向だが小
下位30カット (26特徴)  A 0.3882(+0.0041)  B 0.3864(+0.0051)  平均 0.3873(+0.0046)  同方向だが小
下位40カット (16特徴)  A 0.4105(+0.0264)  B 0.4056(+0.0243)  平均 0.4081(+0.0254)  同方向だが小

== 上位カット ==
上位1カット [rmean7]  A 0.3836(-0.0005)  B 0.3821(+0.0008)  平均 0.3828(+0.0001)  符号不一致
上位2カット [rmean7, dow4_mean]  A 0.3844(+0.0003)  B 0.3827(+0.0013)  平均 0.3835(+0.0008)  同方向だが小
上位3カット [rmean7, dow4_mean, dow2_mean]  A 0.3841(+0.0001)  B 0.3828(+0.0015)  平均 0.3835(+0.0008)  同方向だが小
上位5カット [rmean7, dow4_mean, dow2_mean, rmean28, rmean14]  A 0.3846(+0.0005)  B 0.3846(+0.0033)  平均 0.3846(+0.0019)  同方向だが小
