A:2017-08前半  RMSLE 0.3841  n 28,512
B:2016-08後半  RMSLE 0.3813  n 27,456
C:2017-07前半  RMSLE 0.3932  n 28,512
D:2017-06後半  RMSLE 0.3726  n 28,512
E:2015-08後半  RMSLE 0.4366  n 28,512

==============================================================================

== セグメント別 RMSLE: store type ==
     A:2017-08前半  B:2016-08後半  C:2017-07前半  D:2017-06後半  E:2015-08後半
seg                                                                 
A         0.3415       0.3303       0.3824       0.3237       0.3954
B         0.4035       0.4159       0.4031       0.3830       0.4470
C         0.4153       0.4131       0.4218       0.4182       0.4249
D         0.3628       0.3566       0.3646       0.3422       0.4677
E         0.4056       0.4020       0.4091       0.4034       0.4000
  fold A-B のセグメント別 RMSLE 相関: pearson 0.984 / spearman 0.700

== セグメント別 RMSLE: cluster ==
     A:2017-08前半  B:2016-08後半  C:2017-07前半  D:2017-06後半  E:2015-08後半
seg                                                                 
1         0.3697       0.3750       0.3610       0.3596       0.3940
10        0.4091       0.4096       0.4215       0.3949       0.4052
11        0.3224       0.2742       0.4232       0.3188       0.3333
12        0.3982       0.3824       0.3782       0.3835       0.4549
13        0.3536       0.3512       0.3486       0.3501       0.3950
14        0.3548       0.3333       0.3639       0.3244       0.3978
15        0.4166       0.4428       0.4431       0.4112       0.4687
16        0.3872          NaN       0.4141       0.3995       0.4846
17        0.3531       0.3936       0.3788       0.3306       0.4410
2         0.3512       0.3696       0.3507       0.3201       0.9137
3         0.4035       0.3976       0.4023       0.4210       0.4073
4         0.3810       0.3410       0.4011       0.3515       0.3482
5         0.3314       0.3964       0.3255       0.3288       0.4963
6         0.4085       0.4169       0.4031       0.3832       0.4437
7         0.4591       0.4041       0.4535       0.4415       0.3477
8         0.3260       0.3318       0.3118       0.2917       0.3394
9         0.3622       0.3486       0.3556       0.3516       0.3912
  fold A-B のセグメント別 RMSLE 相関: pearson 0.691 / spearman 0.738

== セグメント別 RMSLE: 店舗規模 ==
     A:2017-08前半  B:2016-08後半  C:2017-07前半  D:2017-06後半  E:2015-08後半
seg                                                                 
中大        0.3779       0.3778       0.3818       0.3536       0.5140
中小        0.4021       0.4040       0.4050       0.3959       0.4260
大         0.3356       0.3441       0.3548       0.3179       0.3898
小         0.4167       0.4011       0.4274       0.4159       0.4115
  fold A-B のセグメント別 RMSLE 相関: pearson 0.978 / spearman 0.800

== セグメント別 RMSLE: ゼロ率帯 ==
     A:2017-08前半  B:2016-08後半  C:2017-07前半  D:2017-06後半  E:2015-08後半
seg                                                                 
ほぼ0       0.2369       0.2637       0.2088       0.2158       0.3030
中         0.6450       0.6088       0.6511       0.6197       0.6114
密         0.3448       0.3512       0.3570       0.3331       0.4297
疎         0.4430       0.4116       0.4594       0.4552       0.3894
  fold A-B のセグメント別 RMSLE 相関: pearson 0.996 / spearman 1.000

== fold 別 総合 RMSLE と SSE 構成（上位セグメントの寄与）==
  A:2017-08前半: RMSLE 0.3841   type別SSE比 A:0.13 B:0.16 C:0.32 D:0.30 E:0.08
  B:2016-08後半: RMSLE 0.3813   type別SSE比 A:0.13 B:0.16 C:0.34 D:0.29 E:0.09
  C:2017-07前半: RMSLE 0.3932   type別SSE比 A:0.16 B:0.16 C:0.32 D:0.29 E:0.08
  D:2017-06後半: RMSLE 0.3726   type別SSE比 A:0.13 B:0.16 C:0.35 D:0.28 E:0.09
  E:2015-08後半: RMSLE 0.4366   type別SSE比 A:0.14 B:0.16 C:0.26 D:0.38 E:0.06
