ベース RMSLE（2fold pooled, 2seed）0.3827

== ゼロ率帯別: 行数 / RMSLE / SSE寄与 / 実際にy=0の割合 ==
          n      行比   rmsle    SSE比  zero_rate  mean_pred
band                                                     
ほぼ0    5360  0.0958  0.2504  0.0410     0.8940     0.1432
中      5232  0.0935  0.6275  0.2513     0.1741     1.2596
密     40400  0.7218  0.3480  0.5967     0.0045     4.6232
疎      4976  0.0889  0.4277  0.1110     0.5868     0.7915

== oracle: その行が y==0 かどうかを完璧に知っている場合 ==
  A: y==0 の行を 0 にする                  0.3450  (-0.0377)
  B: y>0 の行だけ現行予測、y==0 は 0           0.3450  (-0.0377)
  C: y==0 を 0、y>0 を真値（完全oracle）      0.0000  (-0.3827)

== 帯別 oracle A の内訳（y==0 の行を 0 にしたときの帯別 RMSLE）==
       rmsle  rmsle_oracle      改善
band                              
ほぼ0   0.2504        0.2228 -0.0276
中     0.6275        0.5022 -0.1253
密     0.3480        0.3337 -0.0143
疎     0.4277        0.3409 -0.0868

== 中帯で、現行モデルは y==0 の行に何を予測しているか ==
  y==0 の行 911（中帯の 17.4%）: 予測平均 0.817  SSE寄与 36.0%
  y>0  の行 4,321: 予測平均 1.353 vs 真値平均 1.540  SSE寄与 64.0%
