2016-06-01   2015-01/重みなし 0.4231  2014-04/重みなし 0.4192  2014-04/hl=365 0.4175  2015-01/hl=365 0.4210  62s
2016-06-17   2015-01/重みなし 0.3973  2014-04/重みなし 0.4003  2014-04/hl=365 0.3979  2015-01/hl=365 0.3943  63s
2016-07-03   2015-01/重みなし 0.4021  2014-04/重みなし 0.3999  2014-04/hl=365 0.3958  2015-01/hl=365 0.3996  64s
2016-07-19   2015-01/重みなし 0.4223  2014-04/重みなし 0.4136  2014-04/hl=365 0.4088  2015-01/hl=365 0.4187  65s
2016-08-04   2015-01/重みなし 0.5135  2014-04/重みなし 0.5152  2014-04/hl=365 0.5135  2015-01/hl=365 0.5107  66s
2016-08-20   2015-01/重みなし 0.6269  2014-04/重みなし 0.6499  2014-04/hl=365 0.6159  2015-01/hl=365 0.6287  67s
2016-09-05   2015-01/重みなし 0.4203  2014-04/重みなし 0.4145  2014-04/hl=365 0.4141  2015-01/hl=365 0.4206  68s
2016-09-21   2015-01/重みなし 0.3911  2014-04/重みなし 0.3828  2014-04/hl=365 0.3797  2015-01/hl=365 0.3946  68s
2016-10-07   2015-01/重みなし 0.4111  2014-04/重みなし 0.4098  2014-04/hl=365 0.4093  2015-01/hl=365 0.4093  70s
2016-10-23   2015-01/重みなし 0.4672  2014-04/重みなし 0.4468  2014-04/hl=365 0.4654  2015-01/hl=365 0.4764  71s
2016-11-08   2015-01/重みなし 0.4635  2014-04/重みなし 0.4662  2014-04/hl=365 0.4653  2015-01/hl=365 0.4565  71s
2016-11-24   2015-01/重みなし 0.4540  2014-04/重みなし 0.4505  2014-04/hl=365 0.4476  2015-01/hl=365 0.4513  72s
2016-12-10   2015-01/重みなし nan  2014-04/重みなし nan  2014-04/hl=365 nan  2015-01/hl=365 nan  73s
2016-12-26   2015-01/重みなし 0.6398  2014-04/重みなし 0.5846  2014-04/hl=365 0.5981  2015-01/hl=365 0.6074  74s
2017-01-11   2015-01/重みなし 0.4060  2014-04/重みなし 0.4084  2014-04/hl=365 0.4013  2015-01/hl=365 0.4035  75s
2017-01-27   2015-01/重みなし 0.3860  2014-04/重みなし 0.3875  2014-04/hl=365 0.3855  2015-01/hl=365 0.3874  76s
2017-02-12   2015-01/重みなし 0.5143  2014-04/重みなし 0.5162  2014-04/hl=365 0.5143  2015-01/hl=365 0.5134  77s
2017-02-28   2015-01/重みなし 0.3889  2014-04/重みなし 0.3919  2014-04/hl=365 0.3894  2015-01/hl=365 0.3899  78s
2017-03-16   2015-01/重みなし 0.4018  2014-04/重みなし 0.4029  2014-04/hl=365 0.4002  2015-01/hl=365 0.4012  79s
2017-04-01   2015-01/重みなし 0.4901  2014-04/重みなし 0.4894  2014-04/hl=365 0.4913  2015-01/hl=365 0.4892  80s
2017-04-17   2015-01/重みなし 0.4661  2014-04/重みなし 0.4692  2014-04/hl=365 0.4726  2015-01/hl=365 0.4805  81s
2017-05-03   2015-01/重みなし 0.4333  2014-04/重みなし 0.4330  2014-04/hl=365 0.4307  2015-01/hl=365 0.4321  81s
2017-05-19   2015-01/重みなし 0.3982  2014-04/重みなし 0.3969  2014-04/hl=365 0.3974  2015-01/hl=365 0.3945  82s
2017-06-04   2015-01/重みなし 0.3875  2014-04/重みなし 0.3873  2014-04/hl=365 0.3864  2015-01/hl=365 0.3859  83s
2017-06-20   2015-01/重みなし 0.3755  2014-04/重みなし 0.3751  2014-04/hl=365 0.3757  2015-01/hl=365 0.3754  85s
2017-07-06   2015-01/重みなし 0.3819  2014-04/重みなし 0.3827  2014-04/hl=365 0.3816  2015-01/hl=365 0.3809  85s
2017-07-22   2015-01/重みなし 0.3944  2014-04/重みなし 0.3966  2014-04/hl=365 0.3933  2015-01/hl=365 0.3929  86s

== 27 fold 平均 ==
e02相当: 2015-01/重みなし    0.4406
2014-04/重みなし           0.4381
2014-04/hl=365         0.4365
2015-01/hl=365         0.4391

== 同一 fold での対比較（e02相当: 2015-01/重みなし 基準）==
  2014-04/重みなし           平均差 -0.0025  中央値 -0.0003  勝率 52% (14/27)  対差sd 0.0128  t -1.03
  2014-04/hl=365         平均差 -0.0041  中央値 -0.0014  勝率 67% (18/27)  対差sd 0.0089  t -2.43
  2015-01/hl=365         平均差 -0.0016  中央値 -0.0013  勝率 70% (19/27)  対差sd 0.0076  t -1.07

== 各 fold 単体のばらつき（旧CVの問題の確認）==
  fold 間 sd: 0.0693  範囲 0.3755-0.6398
  2fold の標準誤差 = 0.0490 / 27fold = 0.0133

== 直近6 fold（2017-04 以降）だけの対比較 ==
  2014-04/重みなし           平均差 +0.0001  勝率 67% (4/6)
  2014-04/hl=365         平均差 -0.0010  勝率 83% (5/6)
  2015-01/hl=365         平均差 -0.0015  勝率 100% (6/6)
