2016-06-01  2015-01重みなし 0.4197  2015-01重みなし 0.4187  2014-04hl365 0.4159  2014-04hl365 0.4158  160s
2016-06-17  2015-01重みなし 0.3945  2015-01重みなし 0.3922  2014-04hl365 0.3979  2014-04hl365 0.3950  153s
2016-07-03  2015-01重みなし 0.4001  2015-01重みなし 0.3970  2014-04hl365 0.3955  2014-04hl365 0.3947  155s
2016-07-19  2015-01重みなし 0.4171  2015-01重みなし 0.4164  2014-04hl365 0.4106  2014-04hl365 0.4090  157s
2016-08-04  2015-01重みなし 0.5123  2015-01重みなし 0.5105  2014-04hl365 0.5121  2014-04hl365 0.5101  159s
2016-08-20  2015-01重みなし 0.6369  2015-01重みなし 0.6341  2014-04hl365 0.6452  2014-04hl365 0.6200  161s
2016-09-05  2015-01重みなし 0.4224  2015-01重みなし 0.4200  2014-04hl365 0.4123  2014-04hl365 0.4120  164s
2016-09-21  2015-01重みなし 0.3882  2015-01重みなし 0.3891  2014-04hl365 0.3815  2014-04hl365 0.3781  164s
2016-10-07  2015-01重みなし 0.4134  2015-01重みなし 0.4115  2014-04hl365 0.4081  2014-04hl365 0.4070  166s
2016-10-23  2015-01重みなし 0.4573  2015-01重みなし 0.4560  2014-04hl365 0.4539  2014-04hl365 0.4585  169s
2016-11-08  2015-01重みなし 0.4663  2015-01重みなし 0.4636  2014-04hl365 0.4617  2014-04hl365 0.4626  171s
2016-11-24  2015-01重みなし 0.4508  2015-01重みなし 0.4496  2014-04hl365 0.4481  2014-04hl365 0.4456  172s
2016-12-10  2015-01重みなし nan  2015-01重みなし nan  2014-04hl365 nan  2014-04hl365 nan  174s
2016-12-26  2015-01重みなし 0.6546  2015-01重みなし 0.6401  2014-04hl365 0.5904  2014-04hl365 0.5978  177s
2017-01-11  2015-01重みなし 0.4050  2015-01重みなし 0.4008  2014-04hl365 0.3991  2014-04hl365 0.3963  179s
2017-01-27  2015-01重みなし 0.3853  2015-01重みなし 0.3830  2014-04hl365 0.3832  2014-04hl365 0.3810  182s
2017-02-12  2015-01重みなし 0.5138  2015-01重みなし 0.5132  2014-04hl365 0.5129  2014-04hl365 0.5127  183s
2017-02-28  2015-01重みなし 0.3891  2015-01重みなし 0.3870  2014-04hl365 0.3867  2014-04hl365 0.3868  188s
2017-03-16  2015-01重みなし 0.4018  2015-01重みなし 0.4006  2014-04hl365 0.4000  2014-04hl365 0.3986  186s
2017-04-01  2015-01重みなし 0.4876  2015-01重みなし 0.4882  2014-04hl365 0.4842  2014-04hl365 0.4855  188s
2017-04-17  2015-01重みなし 0.4631  2015-01重みなし 0.4635  2014-04hl365 0.4727  2014-04hl365 0.4688  191s
2017-05-03  2015-01重みなし 0.4281  2015-01重みなし 0.4275  2014-04hl365 0.4284  2014-04hl365 0.4280  192s
2017-05-19  2015-01重みなし 0.3951  2015-01重みなし 0.3940  2014-04hl365 0.3941  2014-04hl365 0.3930  195s
2017-06-04  2015-01重みなし 0.3871  2015-01重みなし 0.3864  2014-04hl365 0.3859  2014-04hl365 0.3846  196s
2017-06-20  2015-01重みなし 0.3746  2015-01重みなし 0.3739  2014-04hl365 0.3747  2014-04hl365 0.3737  200s
2017-07-06  2015-01重みなし 0.3832  2015-01重みなし 0.3810  2014-04hl365 0.3819  2014-04hl365 0.3799  201s
2017-07-22  2015-01重みなし 0.3943  2015-01重みなし 0.3921  2014-04hl365 0.3910  2014-04hl365 0.3902  202s

== 27 fold 平均 ==
2015-01/重みなし/1seed     0.4401
2015-01/重みなし/3seed     0.4381
2014-04/hl365/1seed    0.4357
2014-04/hl365/3seed    0.4341

== 同一 fold 対比較（基準 = 2015-01/重みなし/1seed、これが LB 0.42567 の構成）==
  2015-01/重みなし/3seed         平均差 -0.0020  中央値 -0.0016  勝率  85% (23/27)  SE 0.0005  t -3.68
  2014-04/hl365/1seed        平均差 -0.0044  中央値 -0.0026  勝率  78% (21/27)  SE 0.0025  t -1.76
  2014-04/hl365/3seed        平均差 -0.0060  中央値 -0.0035  勝率  85% (23/27)  SE 0.0022  t -2.78

★ LB での実測差（2015-01/重みなし/1seed → 2014-04/hl365/3seed）= +0.0215
★ CV での差 = -0.0060

== seed アンサンブル単独の効果（同一起点・同一重みで 1seed → 3seed）==
  2015-01/重みなし     平均差 -0.0020  勝率  85%  t -3.68
  2014-04/hl365    平均差 -0.0016  勝率  78%  t -1.60

== fold 別: D-A の差が大きい順 上位5 / 下位5（どの時期で逆転するか）==
  D が勝つ: 2016-12-26:-0.0567, 2016-08-20:-0.0169, 2016-09-05:-0.0103, 2016-09-21:-0.0101, 2017-01-11:-0.0087
  D が負ける: 2017-05-03:-0.0001, 2016-06-17:+0.0006, 2016-10-23:+0.0011, 2017-04-17:+0.0057, 2016-12-10:+nan
