2016-06-01  base(56)/3seed 0.4182  base(56)/5seed 0.4175  下位10カット(46)/3seed 0.4208  +集約系列(68)/3seed 0.4195  156s
2016-06-17  base(56)/3seed 0.3938  base(56)/5seed 0.3939  下位10カット(46)/3seed 0.3944  +集約系列(68)/3seed 0.3941  159s
2016-07-03  base(56)/3seed 0.3980  base(56)/5seed 0.3977  下位10カット(46)/3seed 0.3979  +集約系列(68)/3seed 0.3975  162s
2016-07-19  base(56)/3seed 0.4187  base(56)/5seed 0.4187  下位10カット(46)/3seed 0.4191  +集約系列(68)/3seed 0.4178  164s
2016-08-04  base(56)/3seed 0.5102  base(56)/5seed 0.5109  下位10カット(46)/3seed 0.5100  +集約系列(68)/3seed 0.5083  168s
2016-08-20  base(56)/3seed 0.6382  base(56)/5seed 0.6382  下位10カット(46)/3seed 0.6269  +集約系列(68)/3seed 0.6290  170s
2016-09-05  base(56)/3seed 0.4208  base(56)/5seed 0.4207  下位10カット(46)/3seed 0.4217  +集約系列(68)/3seed 0.4213  172s
2016-09-21  base(56)/3seed 0.3902  base(56)/5seed 0.3891  下位10カット(46)/3seed 0.3923  +集約系列(68)/3seed 0.3869  174s
2016-10-07  base(56)/3seed 0.4109  base(56)/5seed 0.4101  下位10カット(46)/3seed 0.4105  +集約系列(68)/3seed 0.4083  177s
2016-10-23  base(56)/3seed 0.4584  base(56)/5seed 0.4603  下位10カット(46)/3seed 0.4615  +集約系列(68)/3seed 0.4417  180s
2016-11-08  base(56)/3seed 0.4650  base(56)/5seed 0.4642  下位10カット(46)/3seed 0.4647  +集約系列(68)/3seed 0.4633  183s
2016-11-24  base(56)/3seed 0.4508  base(56)/5seed 0.4502  下位10カット(46)/3seed 0.4500  +集約系列(68)/3seed 0.4453  184s
2016-12-10  base(56)/3seed 0.4337  base(56)/5seed 0.4327  下位10カット(46)/3seed 0.4314  +集約系列(68)/3seed 0.4351  187s
2016-12-26  base(56)/3seed 0.6409  base(56)/5seed 0.6356  下位10カット(46)/3seed 0.6349  +集約系列(68)/3seed 0.6198  191s
2017-01-11  base(56)/3seed 0.4034  base(56)/5seed 0.4034  下位10カット(46)/3seed 0.4016  +集約系列(68)/3seed 0.4023  193s
2017-01-27  base(56)/3seed 0.3853  base(56)/5seed 0.3850  下位10カット(46)/3seed 0.3854  +集約系列(68)/3seed 0.3866  196s
2017-02-12  base(56)/3seed 0.5141  base(56)/5seed 0.5142  下位10カット(46)/3seed 0.5139  +集約系列(68)/3seed 0.5129  198s
2017-02-28  base(56)/3seed 0.3884  base(56)/5seed 0.3878  下位10カット(46)/3seed 0.3879  +集約系列(68)/3seed 0.3899  206s
2017-03-16  base(56)/3seed 0.4021  base(56)/5seed 0.4021  下位10カット(46)/3seed 0.4019  +集約系列(68)/3seed 0.4043  209s
2017-04-01  base(56)/3seed 0.4899  base(56)/5seed 0.4897  下位10カット(46)/3seed 0.4899  +集約系列(68)/3seed 0.4916  211s
2017-04-17  base(56)/3seed 0.4645  base(56)/5seed 0.4648  下位10カット(46)/3seed 0.4653  +集約系列(68)/3seed 0.4493  212s
2017-05-03  base(56)/3seed 0.4305  base(56)/5seed 0.4301  下位10カット(46)/3seed 0.4292  +集約系列(68)/3seed 0.4312  214s
2017-05-19  base(56)/3seed 0.3960  base(56)/5seed 0.3959  下位10カット(46)/3seed 0.3961  +集約系列(68)/3seed 0.3986  217s
2017-06-04  base(56)/3seed 0.3872  base(56)/5seed 0.3869  下位10カット(46)/3seed 0.3867  +集約系列(68)/3seed 0.3857  224s
2017-06-20  base(56)/3seed 0.3743  base(56)/5seed 0.3743  下位10カット(46)/3seed 0.3751  +集約系列(68)/3seed 0.3736  224s
2017-07-06  base(56)/3seed 0.3815  base(56)/5seed 0.3813  下位10カット(46)/3seed 0.3817  +集約系列(68)/3seed 0.3809  225s
2017-07-22  base(56)/3seed 0.3940  base(56)/5seed 0.3943  下位10カット(46)/3seed 0.3960  +集約系列(68)/3seed 0.3951  228s

== 27 fold 平均 ==
base(56)/3seed       0.4392
base(56)/5seed       0.4389
下位10カット(46)/3seed    0.4388
+集約系列(68)/3seed      0.4367

== 同一 fold 対比較（基準 base(56)/3seed = 現 best 構成）/ 採用は |t|>=3 ==
  base(56)/5seed         平均差 -0.0003  中央値 -0.0002  勝率  70% (19/27)  t -1.56   不採用
  下位10カット(46)/3seed      平均差 -0.0005  中央値 -0.0001  勝率  52% (14/27)  t -0.85   不採用
  +集約系列(68)/3seed        平均差 -0.0026  中央値 -0.0007  勝率  59% (16/27)  t -2.20   不採用
