2016-06-01  L 0.4182  R 0.8728  D 0.4924  N 1.1403  C 0.4647  |  resid corr R 0.497 C 0.792  43s
2016-06-17  L 0.3938  R 0.9887  D 0.4506  N 1.1493  C 0.4795  |  resid corr R 0.438 C 0.819  44s
2016-07-03  L 0.3980  R 1.0087  D 0.4455  N 1.1820  C 0.4743  |  resid corr R 0.395 C 0.800  45s
2016-07-19  L 0.4187  R 0.9593  D 0.4651  N 1.0399  C 0.4768  |  resid corr R 0.440 C 0.795  45s
2016-08-04  L 0.5102  R 0.9995  D 0.5687  N 1.0386  C 0.5775  |  resid corr R 0.526 C 0.798  46s
2016-08-20  L 0.6382  R 1.1245  D 0.8952  N 1.1152  C 0.8888  |  resid corr R 0.669 C 0.856  47s
2016-09-05  L 0.4208  R 0.9948  D 0.7412  N 1.1119  C 0.9115  |  resid corr R 0.429 C 0.490  47s
2016-09-21  L 0.3902  R 0.9616  D 0.5108  N 1.1086  C 0.9062  |  resid corr R 0.403 C 0.413  48s
2016-10-07  L 0.4109  R 1.0432  D 0.4680  N 0.9980  C 0.9102  |  resid corr R 0.436 C 0.456  48s
2016-10-23  L 0.4584  R 1.0097  D 0.7112  N 0.9180  C 0.7839  |  resid corr R 0.413 C 0.467  50s
2016-11-08  L 0.4650  R 0.9621  D 0.6845  N 0.8744  C 0.8395  |  resid corr R 0.507 C 0.526  50s
2016-11-24  L 0.4508  R 0.8065  D 0.6354  N 0.7851  C 0.6659  |  resid corr R 0.519 C 0.616  50s
2016-12-10  L 0.4337  R 0.7472  D 0.8639  N 1.3933  C 0.7909  |  resid corr R 0.569 C 0.572  51s
2016-12-26  L 0.6409  R 0.9964  D 1.3051  N 1.7425  C 1.2769  |  resid corr R 0.414 C 0.455  52s
2017-01-11  L 0.4034  R 0.5649  D 0.6555  N 0.6578  C 0.5107  |  resid corr R 0.625 C 0.776  53s
2017-01-27  L 0.3853  R 0.5465  D 0.7107  N 0.6628  C 0.4668  |  resid corr R 0.651 C 0.810  54s
2017-02-12  L 0.5141  R 0.6042  D 0.6226  N 0.7291  C 0.5493  |  resid corr R 0.773 C 0.874  54s
2017-02-28  L 0.3884  R 0.5135  D 0.4415  N 0.6417  C 0.4662  |  resid corr R 0.693 C 0.789  55s
2017-03-16  L 0.4021  R 0.5349  D 0.4912  N 0.7133  C 0.4860  |  resid corr R 0.727 C 0.815  56s
2017-04-01  L 0.4899  R 0.6027  D 0.5820  N 0.7416  C 0.5917  |  resid corr R 0.761 C 0.821  56s
2017-04-17  L 0.4645  R 0.8299  D 0.7993  N 0.9396  C 0.7991  |  resid corr R 0.665 C 0.707  57s
2017-05-03  L 0.4305  R 0.6726  D 0.7655  N 0.9400  C 0.5019  |  resid corr R 0.623 C 0.827  58s
2017-05-19  L 0.3960  R 0.7133  D 0.5597  N 0.9120  C 0.4882  |  resid corr R 0.527 C 0.774  58s
2017-06-04  L 0.3872  R 0.7958  D 0.4768  N 0.8934  C 0.4819  |  resid corr R 0.478 C 0.806  59s
2017-06-20  L 0.3743  R 0.8214  D 0.4326  N 0.8853  C 0.4696  |  resid corr R 0.455 C 0.781  60s
2017-07-06  L 0.3815  R 0.8936  D 0.4248  N 0.9045  C 0.4591  |  resid corr R 0.435 C 0.780  61s
2017-07-22  L 0.3940  R 0.8888  D 0.4870  N 0.9417  C 0.5136  |  resid corr R 0.459 C 0.767  61s

== 27 fold 平均: 単体 RMSLE ==
rmsle_L    0.4392
rmsle_R    0.8318
rmsle_D    0.6180
rmsle_N    0.9689
rmsle_C    0.6382

== L の残差との相関（1.0 に近いほど冗長、低いほど直交）==
corr_R    0.538
corr_D    0.755
corr_N    0.463
corr_C    0.710

== L 単体との対比較（採用は |t|>=3）==
  脚R w=0.05  平均差 +0.0007  勝率  37%  t +1.05  
  脚R w=0.10  平均差 +0.0044  勝率  22%  t +3.21  
  脚R w=0.15  平均差 +0.0111  勝率  22%  t +4.87  
  脚R w=0.20  平均差 +0.0206  勝率  15%  t +6.11  
  脚R w=0.30  平均差 +0.0471  勝率   7%  t +7.76  
  脚D w=0.05  平均差 +0.0009  勝率  48%  t +2.09  
  脚D w=0.10  平均差 +0.0029  勝率  26%  t +3.26  
  脚D w=0.15  平均差 +0.0060  勝率  11%  t +4.10  
  脚D w=0.20  平均差 +0.0102  勝率  11%  t +4.64  
  脚D w=0.30  平均差 +0.0215  勝率   4%  t +5.20  
  脚N w=0.05  平均差 +0.0015  勝率  30%  t +3.16  
  脚N w=0.10  平均差 +0.0075  勝率  15%  t +6.43  
  脚N w=0.15  平均差 +0.0177  勝率   4%  t +7.98  
  脚N w=0.20  平均差 +0.0319  勝率   0%  t +8.78  
  脚N w=0.30  平均差 +0.0705  勝率   0%  t +9.65  
  脚C w=0.05  平均差 -0.0000  勝率  67%  t -0.01  
  脚C w=0.10  平均差 +0.0014  勝率  48%  t +1.48  
  脚C w=0.15  平均差 +0.0042  勝率  33%  t +2.62  
  脚C w=0.20  平均差 +0.0084  勝率  19%  t +3.40  
  脚C w=0.30  平均差 +0.0205  勝率  15%  t +4.26  

|t|>=3 を満たすブレンドなし
