2016-06-01  base(56) 0.4182  +比(63) 0.4229  +フーリエ(62) 0.4222  +比+フーリエ(69) 0.4275  178s
2016-06-17  base(56) 0.3938  +比(63) 0.3942  +フーリエ(62) 0.3991  +比+フーリエ(69) 0.3976  181s
2016-07-03  base(56) 0.3980  +比(63) 0.3987  +フーリエ(62) 0.4047  +比+フーリエ(69) 0.4032  185s
2016-07-19  base(56) 0.4187  +比(63) 0.4183  +フーリエ(62) 0.4158  +比+フーリエ(69) 0.4154  188s
2016-08-04  base(56) 0.5102  +比(63) 0.5107  +フーリエ(62) 0.5118  +比+フーリエ(69) 0.5111  192s
2016-08-20  base(56) 0.6382  +比(63) 0.6288  +フーリエ(62) 0.6165  +比+フーリエ(69) 0.6145  194s
2016-09-05  base(56) 0.4208  +比(63) 0.4216  +フーリエ(62) 0.4185  +比+フーリエ(69) 0.4199  197s
2016-09-21  base(56) 0.3902  +比(63) 0.3925  +フーリエ(62) 0.3823  +比+フーリエ(69) 0.3813  199s
2016-10-07  base(56) 0.4109  +比(63) 0.4095  +フーリエ(62) 0.4128  +比+フーリエ(69) 0.4110  204s
2016-10-23  base(56) 0.4584  +比(63) 0.4631  +フーリエ(62) 0.4565  +比+フーリエ(69) 0.4560  206s
2016-11-08  base(56) 0.4650  +比(63) 0.4676  +フーリエ(62) 0.4643  +比+フーリエ(69) 0.4656  211s
2016-11-24  base(56) 0.4508  +比(63) 0.4523  +フーリエ(62) 0.4461  +比+フーリエ(69) 0.4467  212s
2016-12-10  base(56) 0.4337  +比(63) 0.4348  +フーリエ(62) 0.4307  +比+フーリエ(69) 0.4306  216s
2016-12-26  base(56) 0.6409  +比(63) 0.6093  +フーリエ(62) 0.6168  +比+フーリエ(69) 0.5959  225s
2017-01-11  base(56) 0.4034  +比(63) 0.4020  +フーリエ(62) 0.4023  +比+フーリエ(69) 0.4027  228s
2017-01-27  base(56) 0.3853  +比(63) 0.3852  +フーリエ(62) 0.3845  +比+フーリエ(69) 0.3841  229s
2017-02-12  base(56) 0.5141  +比(63) 0.5145  +フーリエ(62) 0.5118  +比+フーリエ(69) 0.5136  236s
2017-02-28  base(56) 0.3884  +比(63) 0.3859  +フーリエ(62) 0.3868  +比+フーリエ(69) 0.3853  236s
2017-03-16  base(56) 0.4021  +比(63) 0.4026  +フーリエ(62) 0.4032  +比+フーリエ(69) 0.4027  243s
2017-04-01  base(56) 0.4899  +比(63) 0.4942  +フーリエ(62) 0.4929  +比+フーリエ(69) 0.4963  252s
2017-04-17  base(56) 0.4645  +比(63) 0.4640  +フーリエ(62) 0.4675  +比+フーリエ(69) 0.4690  247s
2017-05-03  base(56) 0.4305  +比(63) 0.4299  +フーリエ(62) 0.4287  +比+フーリエ(69) 0.4278  247s
2017-05-19  base(56) 0.3960  +比(63) 0.3966  +フーリエ(62) 0.3954  +比+フーリエ(69) 0.3956  254s
2017-06-04  base(56) 0.3872  +比(63) 0.3866  +フーリエ(62) 0.3872  +比+フーリエ(69) 0.3867  255s
2017-06-20  base(56) 0.3743  +比(63) 0.3748  +フーリエ(62) 0.3784  +比+フーリエ(69) 0.3776  259s
2017-07-06  base(56) 0.3815  +比(63) 0.3801  +フーリエ(62) 0.3824  +比+フーリエ(69) 0.3812  261s
2017-07-22  base(56) 0.3940  +比(63) 0.3957  +フーリエ(62) 0.3948  +比+フーリエ(69) 0.3964  263s

== 27 fold 平均 ==
base(56)       0.4392
+比(63)         0.4384
+フーリエ(62)      0.4376
+比+フーリエ(69)    0.4369

== 対比較（基準 base(56)、採用は |t|>=3）==
  +比(63)             平均差 -0.0008  中央値 +0.0005  勝率  41% (11/27)  t -0.65  
  +フーリエ(62)          平均差 -0.0017  中央値 -0.0007  勝率  56% (15/27)  t -1.26  
  +比+フーリエ(69)        平均差 -0.0024  中央値 -0.0004  勝率  59% (16/27)  t -1.18  

== 新規特徴の gain 比（最終 fold）==
dow_effect    0.0020
cv28          0.0008
cos3          0.0007
mom_7_365     0.0005
mom_7_28      0.0004
sin1          0.0004
cos1          0.0004
sin3          0.0003
sin2          0.0003
yoy_lvl       0.0002
mom_28_112    0.0002
cos2          0.0001
last_dev      0.0001
（参考 rmean7: 0.7741）
