2016-06-01  L 0.4182  a0.25 0.4206  a0.5 0.4236  a0.75 0.4273  a1.0 0.4317  | 店舗合計モデル RMSLE 0.1652  r中央値 1.039  47s
2016-06-17  L 0.3938  a0.25 0.3936  a0.5 0.3941  a0.75 0.3951  a1.0 0.3967  | 店舗合計モデル RMSLE 0.1468  r中央値 0.975  48s
2016-07-03  L 0.3980  a0.25 0.4006  a0.5 0.4040  a0.75 0.4085  a1.0 0.4138  | 店舗合計モデル RMSLE 0.2426  r中央値 1.011  49s
2016-07-19  L 0.4187  a0.25 0.4184  a0.5 0.4188  a0.75 0.4197  a1.0 0.4213  | 店舗合計モデル RMSLE 0.1662  r中央値 1.027  49s
2016-08-04  L 0.5102  a0.25 0.5098  a0.5 0.5101  a0.75 0.5110  a1.0 0.5125  | 店舗合計モデル RMSLE 0.6993  r中央値 1.049  51s
2016-08-20  L 0.6382  a0.25 0.6212  a0.5 0.6050  a0.75 0.5896  a1.0 0.5751  | 店舗合計モデル RMSLE 0.8607  r中央値 1.019  51s
2016-09-05  L 0.4208  a0.25 0.4225  a0.5 0.4247  a0.75 0.4273  a1.0 0.4303  | 店舗合計モデル RMSLE 0.4742  r中央値 1.028  52s
2016-09-21  L 0.3902  a0.25 0.3933  a0.5 0.3971  a0.75 0.4013  a1.0 0.4061  | 店舗合計モデル RMSLE 0.5384  r中央値 1.008  52s
2016-10-07  L 0.4109  a0.25 0.4108  a0.5 0.4112  a0.75 0.4118  a1.0 0.4128  | 店舗合計モデル RMSLE 0.1700  r中央値 0.994  53s
2016-10-23  L 0.4584  a0.25 0.4622  a0.5 0.4672  a0.75 0.4733  a1.0 0.4804  | 店舗合計モデル RMSLE 0.5887  r中央値 1.026  54s
2016-11-08  L 0.4650  a0.25 0.4641  a0.5 0.4643  a0.75 0.4658  a1.0 0.4683  | 店舗合計モデル RMSLE 0.6787  r中央値 1.044  55s
2016-11-24  L 0.4508  a0.25 0.4497  a0.5 0.4497  a0.75 0.4508  a1.0 0.4530  | 店舗合計モデル RMSLE 0.2559  r中央値 1.019  55s
2016-12-10  L 0.4337  a0.25 0.4342  a0.5 0.4366  a0.75 0.4408  a1.0 0.4469  | 店舗合計モデル RMSLE 0.2123  r中央値 1.010  55s
2016-12-26  L 0.6409  a0.25 0.6339  a0.5 0.6296  a0.75 0.6280  a1.0 0.6293  | 店舗合計モデル RMSLE 0.9133  r中央値 1.123  56s
2017-01-11  L 0.4034  a0.25 0.4060  a0.5 0.4116  a0.75 0.4202  a1.0 0.4314  | 店舗合計モデル RMSLE 0.2675  r中央値 0.954  57s
2017-01-27  L 0.3853  a0.25 0.3866  a0.5 0.3893  a0.75 0.3934  a1.0 0.3988  | 店舗合計モデル RMSLE 0.1895  r中央値 0.993  58s
2017-02-12  L 0.5141  a0.25 0.5150  a0.5 0.5164  a0.75 0.5182  a1.0 0.5203  | 店舗合計モデル RMSLE 0.2043  r中央値 0.997  57s
2017-02-28  L 0.3884  a0.25 0.3888  a0.5 0.3897  a0.75 0.3910  a1.0 0.3926  | 店舗合計モデル RMSLE 0.1526  r中央値 0.980  56s
2017-03-16  L 0.4021  a0.25 0.4021  a0.5 0.4025  a0.75 0.4033  a1.0 0.4047  | 店舗合計モデル RMSLE 0.1759  r中央値 1.006  57s
2017-04-01  L 0.4899  a0.25 0.4911  a0.5 0.4928  a0.75 0.4950  a1.0 0.4977  | 店舗合計モデル RMSLE 0.2267  r中央値 1.046  57s
2017-04-17  L 0.4645  a0.25 0.4633  a0.5 0.4627  a0.75 0.4629  a1.0 0.4638  | 店舗合計モデル RMSLE 0.3980  r中央値 1.025  58s
2017-05-03  L 0.4305  a0.25 0.4304  a0.5 0.4309  a0.75 0.4319  a1.0 0.4335  | 店舗合計モデル RMSLE 0.1708  r中央値 1.010  58s
2017-05-19  L 0.3960  a0.25 0.3959  a0.5 0.3963  a0.75 0.3973  a1.0 0.3987  | 店舗合計モデル RMSLE 0.1470  r中央値 0.990  59s
2017-06-04  L 0.3872  a0.25 0.3871  a0.5 0.3874  a0.75 0.3880  a1.0 0.3891  | 店舗合計モデル RMSLE 0.1275  r中央値 1.020  59s
2017-06-20  L 0.3743  a0.25 0.3742  a0.5 0.3745  a0.75 0.3752  a1.0 0.3762  | 店舗合計モデル RMSLE 0.1221  r中央値 0.998  60s
2017-07-06  L 0.3815  a0.25 0.3815  a0.5 0.3815  a0.75 0.3818  a1.0 0.3823  | 店舗合計モデル RMSLE 0.1198  r中央値 1.002  61s
2017-07-22  L 0.3940  a0.25 0.3940  a0.5 0.3946  a0.75 0.3956  a1.0 0.3973  | 店舗合計モデル RMSLE 0.1672  r中央値 1.006  61s

== 27 fold 平均 ==
L            0.4392
tot_rmsle    0.3178
r_med        1.0148
a0.25        0.4389
a0.5         0.4395
a0.75        0.4409
a1.0         0.4431

== 対比較（基準 L、採用は |t|>=3）==
  alpha=0.25  平均差 -0.0003  中央値 -0.0001  勝率  59% (16/27)  t -0.40  
  alpha=0.50  平均差 +0.0003  中央値 +0.0004  勝率  22% (6/27)  t +0.18  
  alpha=0.75  平均差 +0.0017  中央値 +0.0013  勝率  11% (3/27)  t +0.75  
  alpha=1.00  平均差 +0.0039  中央値 +0.0030  勝率  11% (3/27)  t +1.31  
