2016-06-01  base 0.4182  seg4 0.4271  seg2 0.4220  203s
2016-06-17  base 0.3938  seg4 0.3951  seg2 0.3929  205s
2016-07-03  base 0.3980  seg4 0.3978  seg2 0.3975  208s
2016-07-19  base 0.4187  seg4 0.4198  seg2 0.4185  209s
2016-08-04  base 0.5102  seg4 0.5032  seg2 0.5158  212s
2016-08-20  base 0.6382  seg4 0.6138  seg2 0.6156  214s
2016-09-05  base 0.4208  seg4 0.4171  seg2 0.4175  217s
2016-09-21  base 0.3902  seg4 0.3805  seg2 0.3809  220s
2016-10-07  base 0.4109  seg4 0.4110  seg2 0.4083  222s
2016-10-23  base 0.4584  seg4 0.4614  seg2 0.4692  225s
2016-11-08  base 0.4650  seg4 0.4723  seg2 0.4753  226s
2016-11-24  base 0.4508  seg4 0.4545  seg2 0.4550  227s
2016-12-10  base 0.4337  seg4 0.4450  seg2 0.4377  231s
2016-12-26  base 0.6409  seg4 0.6278  seg2 0.6248  233s
2017-01-11  base 0.4034  seg4 0.4038  seg2 0.4044  234s
2017-01-27  base 0.3853  seg4 0.3862  seg2 0.3843  236s
2017-02-12  base 0.5141  seg4 0.5139  seg2 0.5125  239s
2017-02-28  base 0.3884  seg4 0.3891  seg2 0.3886  240s
2017-03-16  base 0.4021  seg4 0.4103  seg2 0.4027  243s
2017-04-01  base 0.4899  seg4 0.4910  seg2 0.4908  243s
2017-04-17  base 0.4645  seg4 0.5697  seg2 0.5481  247s
2017-05-03  base 0.4305  seg4 0.4862  seg2 0.4614  249s
2017-05-19  base 0.3960  seg4 0.3981  seg2 0.3973  251s
2017-06-04  base 0.3872  seg4 0.3970  seg2 0.3861  252s
2017-06-20  base 0.3743  seg4 0.3766  seg2 0.3750  255s
2017-07-06  base 0.3815  seg4 0.3814  seg2 0.3810  258s
2017-07-22  base 0.3940  seg4 0.3958  seg2 0.3963  259s

== 27 fold 平均 ==
base    0.4392
seg4    0.4454
seg2    0.4429

== 対比較（基準 base、採用は |t|>=3）==
  seg4  平均差 +0.0062  中央値 +0.0011  勝率  30% (8/27)  t +1.36  
  seg2  平均差 +0.0037  中央値 +0.0006  勝率  44% (12/27)  t +1.05  
