2016-06-01  base 0.4182  byfam 0.4326  blend0.3 0.4166  blend0.5 0.4184  642s
2016-06-17  base 0.3938  byfam 0.3996  blend0.3 0.3899  blend0.5 0.3900  645s
2016-07-03  base 0.3980  byfam 0.4113  blend0.3 0.3973  blend0.5 0.3991  650s
2016-07-19  base 0.4187  byfam 0.4248  blend0.3 0.4154  blend0.5 0.4157  652s
2016-08-04  base 0.5102  byfam 0.5048  blend0.3 0.5039  blend0.5 0.5019  653s
2016-08-20  base 0.6382  byfam 0.6316  blend0.3 0.6304  blend0.5 0.6280  663s
2016-09-05  base 0.4208  byfam 0.4265  blend0.3 0.4160  blend0.5 0.4159  661s
2016-09-21  base 0.3902  byfam 0.3952  blend0.3 0.3864  blend0.5 0.3864  667s
2016-10-07  base 0.4109  byfam 0.4194  blend0.3 0.4089  blend0.5 0.4097  666s
2016-10-23  base 0.4584  byfam 0.4600  blend0.3 0.4492  blend0.5 0.4476  684s
2016-11-08  base 0.4650  byfam 0.4700  blend0.3 0.4594  blend0.5 0.4590  687s
2016-11-24  base 0.4508  byfam 0.4277  blend0.3 0.4363  blend0.5 0.4301  689s
2016-12-10  base 0.4337  byfam 0.4192  blend0.3 0.4214  blend0.5 0.4169  692s
2016-12-26  base 0.6409  byfam 0.9514  blend0.3 0.6907  blend0.5 0.7486  698s
2017-01-11  base 0.4034  byfam 0.4137  blend0.3 0.3984  blend0.5 0.3990  698s
2017-01-27  base 0.3853  byfam 0.3905  blend0.3 0.3809  blend0.5 0.3808  702s
2017-02-12  base 0.5141  byfam 0.5147  blend0.3 0.5107  blend0.5 0.5101  700s
2017-02-28  base 0.3884  byfam 0.3937  blend0.3 0.3856  blend0.5 0.3858  706s
2017-03-16  base 0.4021  byfam 0.4092  blend0.3 0.3998  blend0.5 0.4004  716s
2017-04-01  base 0.4899  byfam 0.4831  blend0.3 0.4846  blend0.5 0.4826  710s
2017-04-17  base 0.4645  byfam 0.4650  blend0.3 0.4583  blend0.5 0.4572  714s
2017-05-03  base 0.4305  byfam 0.4304  blend0.3 0.4251  blend0.5 0.4241  721s
2017-05-19  base 0.3960  byfam 0.3926  blend0.3 0.3893  blend0.5 0.3875  721s
2017-06-04  base 0.3872  byfam 0.3924  blend0.3 0.3852  blend0.5 0.3856  722s
2017-06-20  base 0.3743  byfam 0.3783  blend0.3 0.3721  blend0.5 0.3722  721s
2017-07-06  base 0.3815  byfam 0.3863  blend0.3 0.3797  blend0.5 0.3801  727s
2017-07-22  base 0.3940  byfam 0.3991  blend0.3 0.3918  blend0.5 0.3921  727s

== 27 fold 平均 ==
base        0.4392
byfam       0.4527
blend0.3    0.4364
blend0.5    0.4380

== 対比較（基準 base、採用は |t|>=3）==
  byfam     平均差 +0.0135  中央値 +0.0050  勝率  26% (7/27)  t +1.17  
  blend0.3  平均差 -0.0028  中央値 -0.0039  勝率  96% (26/27)  t -1.32  
  blend0.5  平均差 -0.0013  中央値 -0.0039  勝率  89% (24/27)  t -0.29  
