2016-06-01  base 0.4193  fam 0.4349  famh 0.4348  sto 0.4608  | 3way 0.4200  668s
2016-06-17  base 0.3959  fam 0.4024  famh 0.4026  sto 0.4247  | 3way 0.3920  681s
2016-07-03  base 0.4006  fam 0.4144  famh 0.4167  sto 0.4251  | 3way 0.3991  695s
2016-07-19  base 0.4196  fam 0.4281  famh 0.4264  sto 0.4479  | 3way 0.4175  704s
2016-08-04  base 0.5112  fam 0.5072  famh 0.5077  sto 0.5114  | 3way 0.5003  708s
2016-08-20  base 0.6421  fam 0.6350  famh 0.6336  sto 0.6439  | 3way 0.6296  725s
2016-09-05  base 0.4225  fam 0.4289  famh 0.4298  sto 0.4388  | 3way 0.4161  734s
2016-09-21  base 0.3906  fam 0.3971  famh 0.3982  sto 0.4006  | 3way 0.3836  742s
2016-10-07  base 0.4127  fam 0.4219  famh 0.4212  sto 0.4291  | 3way 0.4091  746s
2016-10-23  base 0.4599  fam 0.4619  famh 0.4639  sto 0.5811  | 3way 0.4602  762s
2016-11-08  base 0.4678  fam 0.4738  famh 0.4724  sto 0.5034  | 3way 0.4612  765s
2016-11-24  base 0.4533  fam 0.4306  famh 0.4304  sto 0.4827  | 3way 0.4382  768s
2016-12-10  base 0.4368  fam 0.4223  famh 0.4204  sto 0.4936  | 3way 0.4261  771s
2016-12-26  base 0.6539  fam 0.9752  famh 1.0076  sto 0.7423  | 3way 0.6847  776s
2017-01-11  base 0.4077  fam 0.4162  famh 0.4162  sto 0.4539  | 3way 0.4025  773s
2017-01-27  base 0.3872  fam 0.3938  famh 0.3924  sto 0.4126  | 3way 0.3825  775s
2017-02-12  base 0.5143  fam 0.5167  famh 0.5207  sto 0.5311  | 3way 0.5116  777s
2017-02-28  base 0.3907  fam 0.3972  famh 0.3969  sto 0.4071  | 3way 0.3872  779s
2017-03-16  base 0.4036  fam 0.4107  famh 0.4114  sto 0.4278  | 3way 0.4013  787s
2017-04-01  base 0.4891  fam 0.4844  famh 0.4863  sto 0.5124  | 3way 0.4858  784s
2017-04-17  base 0.4645  fam 0.4674  famh 0.4678  sto 0.7534  | 3way 0.4901  786s
2017-05-03  base 0.4313  fam 0.4321  famh 0.4300  sto 0.4612  | 3way 0.4271  795s
2017-05-19  base 0.3970  fam 0.3951  famh 0.3955  sto 0.4183  | 3way 0.3899  801s
2017-06-04  base 0.3880  fam 0.3946  famh 0.3945  sto 0.4136  | 3way 0.3865  799s
2017-06-20  base 0.3745  fam 0.3809  famh 0.3808  sto 0.3957  | 3way 0.3729  798s
2017-07-06  base 0.3834  fam 0.3896  famh 0.3880  sto 0.3979  | 3way 0.3808  805s
2017-07-22  base 0.3962  fam 0.4008  famh 0.4031  sto 0.4199  | 3way 0.3947  802s

== 27 fold 平均 ==
base        0.4413
fam         0.4560
famh        0.4574
sto         0.4811
b+fam.3     0.4380
b+famh.3    0.4383
b+sto.3     0.4423
b+sto.2     0.4408
3way        0.4389
3way_h      0.4392

== 対比較 基準base / 全fold n=27 ==
  fam        平均差 +0.0148  中央値 +0.0064  勝率  22%  t +1.24 
  famh       平均差 +0.0161  中央値 +0.0063  勝率  26%  t +1.23 
  sto        平均差 +0.0399  中央値 +0.0245  勝率   0%  t +3.72 
  b+fam.3    平均差 -0.0033  中央値 -0.0047  勝率  96%  t -1.52 ★
  b+famh.3   平均差 -0.0030  中央値 -0.0045  勝率  96%  t -1.22 ★
  b+sto.3    平均差 +0.0010  中央値 -0.0004  勝率  56%  t +0.46 
  b+sto.2    平均差 -0.0004  中央値 -0.0011  勝率  81%  t -0.32 
  3way       平均差 -0.0023  中央値 -0.0035  勝率  85%  t -1.26 ★
  3way_h     平均差 -0.0021  中央値 -0.0037  勝率  85%  t -1.01 ★

== 対比較 基準base / 年末年始を除く n=26 ==
  fam        平均差 +0.0030  中央値 +0.0063  勝率  23%  t +1.85 
  famh       平均差 +0.0031  中央値 +0.0063  勝率  27%  t +1.87 
  sto        平均差 +0.0380  中央値 +0.0244  勝率   0%  t +3.46 
  b+fam.3    平均差 -0.0054  中央値 -0.0049  勝率 100%  t -7.80 ★
  b+famh.3   平均差 -0.0053  中央値 -0.0047  勝率 100%  t -7.61 ★
  b+sto.3    平均差 +0.0016  中央値 -0.0002  勝率  54%  t +0.73 
  b+sto.2    平均差 +0.0001  中央値 -0.0011  勝率  81%  t +0.05 
  3way       平均差 -0.0036  中央値 -0.0035  勝率  88%  t -2.59 
  3way_h     平均差 -0.0036  中央値 -0.0038  勝率  88%  t -2.59 ★

== 対比較 基準base / 2017年のみ n=13 ==
  fam        平均差 +0.0040  中央値 +0.0061  勝率  15%  t +3.65 
  famh       平均差 +0.0043  中央値 +0.0063  勝率  23%  t +4.11 
  sto        平均差 +0.0444  中央値 +0.0237  勝率   0%  t +2.17 
  b+fam.3    平均差 -0.0042  中央値 -0.0034  勝率 100%  t -8.38 ★
  b+famh.3   平均差 -0.0042  中央値 -0.0036  勝率 100%  t -8.02 ★
  b+sto.3    平均差 +0.0039  中央値 +0.0002  勝率  46%  t +0.95 
  b+sto.2    平均差 +0.0016  中央値 -0.0005  勝率  85%  t +0.65 
  3way       平均差 -0.0011  中央値 -0.0027  勝率  92%  t -0.50 ★
  3way_h     平均差 -0.0011  中央値 -0.0029  勝率  92%  t -0.49 ★
