family group の内訳: {0: 4, 1: 7, 2: 11, 4: 11}
2016-06-01  cur(b+fam.3) 0.4173  cluster_solo 0.4454  cur+cluster0.15 0.4180  cur+cluster0.25 0.4191  type_solo 0.4239  cur+type0.15 0.4163  cur+type0.25 0.4160  famgrp_solo 0.4203  cur+famgrp0.15 0.4164  cur+famgrp0.25 0.4160  168s
2016-06-17  cur(b+fam.3) 0.3912  cluster_solo 0.4102  cur+cluster0.15 0.3907  cur+cluster0.25 0.3911  type_solo 0.4011  cur+type0.15 0.3907  cur+type0.25 0.3907  famgrp_solo 0.3958  cur+famgrp0.15 0.3906  cur+famgrp0.25 0.3905  165s
2016-07-03  cur(b+fam.3) 0.3993  cluster_solo 0.4292  cur+cluster0.15 0.3997  cur+cluster0.25 0.4008  type_solo 0.4162  cur+type0.15 0.3994  cur+type0.25 0.4000  famgrp_solo 0.3975  cur+famgrp0.15 0.3978  cur+famgrp0.25 0.3970  165s
2016-07-19  cur(b+fam.3) 0.4162  cluster_solo 0.4403  cur+cluster0.15 0.4169  cur+cluster0.25 0.4180  type_solo 0.4242  cur+type0.15 0.4158  cur+type0.25 0.4159  famgrp_solo 0.4202  cur+famgrp0.15 0.4157  cur+famgrp0.25 0.4155  164s
2016-08-04  cur(b+fam.3) 0.5046  cluster_solo 0.5291  cur+cluster0.15 0.5057  cur+cluster0.25 0.5069  type_solo 0.5048  cur+type0.15 0.5032  cur+type0.25 0.5026  famgrp_solo 0.5105  cur+famgrp0.15 0.5039  cur+famgrp0.25 0.5038  165s
2016-08-20  cur(b+fam.3) 0.6334  cluster_solo 0.6354  cur+cluster0.15 0.6316  cur+cluster0.25 0.6308  type_solo 0.6261  cur+type0.15 0.6302  cur+type0.25 0.6284  famgrp_solo 0.6340  cur+famgrp0.15 0.6321  cur+famgrp0.25 0.6316  166s
2016-09-05  cur(b+fam.3) 0.4172  cluster_solo 0.4285  cur+cluster0.15 0.4156  cur+cluster0.25 0.4152  type_solo 0.4277  cur+type0.15 0.4164  cur+type0.25 0.4163  famgrp_solo 0.4227  cur+famgrp0.15 0.4168  cur+famgrp0.25 0.4168  194s
2016-09-21  cur(b+fam.3) 0.3864  cluster_solo 0.3942  cur+cluster0.15 0.3836  cur+cluster0.25 0.3825  type_solo 0.3972  cur+type0.15 0.3860  cur+type0.25 0.3862  famgrp_solo 0.3892  cur+famgrp0.15 0.3856  cur+famgrp0.25 0.3854  192s
2016-10-07  cur(b+fam.3) 0.4102  cluster_solo 0.4323  cur+cluster0.15 0.4099  cur+cluster0.25 0.4105  type_solo 0.4184  cur+type0.15 0.4095  cur+type0.25 0.4094  famgrp_solo 0.4142  cur+famgrp0.15 0.4097  cur+famgrp0.25 0.4096  192s
2016-10-23  cur(b+fam.3) 0.4496  cluster_solo 0.5020  cur+cluster0.15 0.4513  cur+cluster0.25 0.4537  type_solo 0.4753  cur+type0.15 0.4488  cur+type0.25 0.4491  famgrp_solo 0.4493  cur+famgrp0.15 0.4475  cur+famgrp0.25 0.4465  197s
2016-11-08  cur(b+fam.3) 0.4617  cluster_solo 0.4965  cur+cluster0.15 0.4620  cur+cluster0.25 0.4632  type_solo 0.4833  cur+type0.15 0.4612  cur+type0.25 0.4617  famgrp_solo 0.4613  cur+famgrp0.15 0.4601  cur+famgrp0.25 0.4593  197s
2016-11-24  cur(b+fam.3) 0.4379  cluster_solo 0.4820  cur+cluster0.15 0.4391  cur+cluster0.25 0.4410  type_solo 0.4415  cur+type0.15 0.4364  cur+type0.25 0.4359  famgrp_solo 0.4370  cur+famgrp0.15 0.4360  cur+famgrp0.25 0.4351  195s
2016-12-10  cur(b+fam.3) 0.4232  cluster_solo 0.4725  cur+cluster0.15 0.4237  cur+cluster0.25 0.4255  type_solo 0.4422  cur+type0.15 0.4232  cur+type0.25 0.4238  famgrp_solo 0.4358  cur+famgrp0.15 0.4228  cur+famgrp0.25 0.4231  196s
2016-12-26  cur(b+fam.3) 0.7042  cluster_solo 0.6313  cur+cluster0.15 0.6817  cur+cluster0.25 0.6687  type_solo 0.6282  cur+type0.15 0.6853  cur+type0.25 0.6740  famgrp_solo 0.6250  cur+famgrp0.15 0.6853  cur+famgrp0.25 0.6739  199s
2017-01-11  cur(b+fam.3) 0.4009  cluster_solo 0.4328  cur+cluster0.15 0.4005  cur+cluster0.25 0.4013  type_solo 0.4160  cur+type0.15 0.4002  cur+type0.25 0.4002  famgrp_solo 0.4108  cur+famgrp0.15 0.3998  cur+famgrp0.25 0.3996  203s
2017-01-27  cur(b+fam.3) 0.3822  cluster_solo 0.4014  cur+cluster0.15 0.3819  cur+cluster0.25 0.3824  type_solo 0.3891  cur+type0.15 0.3814  cur+type0.25 0.3813  famgrp_solo 0.3875  cur+famgrp0.15 0.3813  cur+famgrp0.25 0.3810  205s
2017-02-12  cur(b+fam.3) 0.5109  cluster_solo 0.5234  cur+cluster0.15 0.5109  cur+cluster0.25 0.5113  type_solo 0.5155  cur+type0.15 0.5107  cur+type0.25 0.5107  famgrp_solo 0.5132  cur+famgrp0.15 0.5101  cur+famgrp0.25 0.5098  199s
2017-02-28  cur(b+fam.3) 0.3875  cluster_solo 0.3991  cur+cluster0.15 0.3871  cur+cluster0.25 0.3872  type_solo 0.3911  cur+type0.15 0.3868  cur+type0.25 0.3865  famgrp_solo 0.3905  cur+famgrp0.15 0.3867  cur+famgrp0.25 0.3864  200s
2017-03-16  cur(b+fam.3) 0.4006  cluster_solo 0.4156  cur+cluster0.15 0.4007  cur+cluster0.25 0.4012  type_solo 0.4115  cur+type0.15 0.4007  cur+type0.25 0.4011  famgrp_solo 0.4047  cur+famgrp0.15 0.4002  cur+famgrp0.25 0.4002  200s
2017-04-01  cur(b+fam.3) 0.4838  cluster_solo 0.5019  cur+cluster0.15 0.4847  cur+cluster0.25 0.4856  type_solo 0.4932  cur+type0.15 0.4841  cur+type0.25 0.4845  famgrp_solo 0.4923  cur+famgrp0.15 0.4843  cur+famgrp0.25 0.4848  202s
2017-04-17  cur(b+fam.3) 0.4583  cluster_solo 0.5469  cur+cluster0.15 0.4647  cur+cluster0.25 0.4704  type_solo 0.5045  cur+type0.15 0.4590  cur+type0.25 0.4608  famgrp_solo 0.4611  cur+famgrp0.15 0.4574  cur+famgrp0.25 0.4570  202s
2017-05-03  cur(b+fam.3) 0.4256  cluster_solo 0.4575  cur+cluster0.15 0.4264  cur+cluster0.25 0.4277  type_solo 0.4500  cur+type0.15 0.4266  cur+type0.25 0.4278  famgrp_solo 0.4296  cur+famgrp0.15 0.4249  cur+famgrp0.25 0.4247  210s
2017-05-19  cur(b+fam.3) 0.3901  cluster_solo 0.4160  cur+cluster0.15 0.3900  cur+cluster0.25 0.3907  type_solo 0.4033  cur+type0.15 0.3900  cur+type0.25 0.3904  famgrp_solo 0.3944  cur+famgrp0.15 0.3892  cur+famgrp0.25 0.3889  209s
2017-06-04  cur(b+fam.3) 0.3856  cluster_solo 0.3964  cur+cluster0.15 0.3853  cur+cluster0.25 0.3855  type_solo 0.3894  cur+type0.15 0.3851  cur+type0.25 0.3850  famgrp_solo 0.3878  cur+famgrp0.15 0.3851  cur+famgrp0.25 0.3849  203s
2017-06-20  cur(b+fam.3) 0.3723  cluster_solo 0.3834  cur+cluster0.15 0.3721  cur+cluster0.25 0.3723  type_solo 0.3762  cur+type0.15 0.3719  cur+type0.25 0.3718  famgrp_solo 0.3752  cur+famgrp0.15 0.3720  cur+famgrp0.25 0.3719  204s
2017-07-06  cur(b+fam.3) 0.3815  cluster_solo 0.3874  cur+cluster0.15 0.3805  cur+cluster0.25 0.3803  type_solo 0.3838  cur+type0.15 0.3808  cur+type0.25 0.3806  famgrp_solo 0.3835  cur+famgrp0.15 0.3811  cur+famgrp0.25 0.3809  205s
2017-07-22  cur(b+fam.3) 0.3934  cluster_solo 0.4037  cur+cluster0.15 0.3931  cur+cluster0.25 0.3933  type_solo 0.3988  cur+type0.15 0.3932  cur+type0.25 0.3932  famgrp_solo 0.3993  cur+famgrp0.15 0.3934  cur+famgrp0.25 0.3936  207s

== 27 fold 平均 ==
base               0.4413
cur(b+fam.3)       0.4380
cluster_solo       0.4591
b+cluster.3        0.4400
cur+cluster0.15    0.4373
cur+cluster0.25    0.4376
type_solo          0.4456
b+type.3           0.4386
cur+type0.15       0.4368
cur+type0.25       0.4364
famgrp_solo        0.4386
b+famgrp.3         0.4375
cur+famgrp0.15     0.4365
cur+famgrp0.25     0.4358

== 基準 base / 全fold n=27 ==
  cluster_solo     平均差 +0.0178  中央値 +0.0143  勝率   7%  t +4.99 
  b+cluster.3      平均差 -0.0013  中央値 -0.0009  勝率  67%  t -1.11 
  type_solo        平均差 +0.0044  中央値 +0.0046  勝率  15%  t +1.92 
  b+type.3         平均差 -0.0026  中央値 -0.0017  勝率  89%  t -3.58 ★
  famgrp_solo      平均差 -0.0026  中央値 -0.0003  勝率  59%  t -2.01 
  b+famgrp.3       平均差 -0.0037  中央値 -0.0029  勝率 100%  t -5.83 ★

== 基準 cur(b+fam.3) / 全fold n=27 ==
  cur+cluster0.15  平均差 -0.0007  中央値 -0.0001  勝率  52%  t -0.74 
  cur+cluster0.25  平均差 -0.0003  中央値 +0.0004  勝率  37%  t -0.23 
  cur+type0.15     平均差 -0.0012  中央値 -0.0005  勝率  78%  t -1.70 
  cur+type0.25     平均差 -0.0015  中央値 -0.0005  勝率  74%  t -1.34 
  cur+famgrp0.15   平均差 -0.0015  中央値 -0.0008  勝率  93%  t -2.14 
  cur+famgrp0.25   平均差 -0.0021  中央値 -0.0011  勝率  93%  t -1.94 

== 基準 base / 年末年始を除く n=26 ==
  cluster_solo     平均差 +0.0194  中央値 +0.0161  勝率   4%  t +5.80 
  b+cluster.3      平均差 -0.0004  中央値 -0.0008  勝率  65%  t -0.49 
  type_solo        平均差 +0.0055  中央値 +0.0049  勝率  12%  t +2.71 
  b+type.3         平均差 -0.0021  中央値 -0.0017  勝率  88%  t -4.43 ★
  famgrp_solo      平均差 -0.0016  中央値 -0.0002  勝率  58%  t -1.87 
  b+famgrp.3       平均差 -0.0032  中央値 -0.0027  勝率 100%  t -8.42 ★

== 基準 cur(b+fam.3) / 年末年始を除く n=26 ==
  cur+cluster0.15  平均差 +0.0002  中央値 -0.0000  勝率  50%  t +0.58 
  cur+cluster0.25  平均差 +0.0010  中央値 +0.0005  勝率  35%  t +1.82 
  cur+type0.15     平均差 -0.0005  中央値 -0.0005  勝率  77%  t -3.25 ★
  cur+type0.25     平均差 -0.0004  中央値 -0.0004  勝率  73%  t -1.53 
  cur+famgrp0.15   平均差 -0.0008  中央値 -0.0007  勝率  92%  t -7.11 ★
  cur+famgrp0.25   平均差 -0.0010  中央値 -0.0010  勝率  92%  t -5.96 ★

== 基準 base / 2017年のみ n=13 ==
  cluster_solo     平均差 +0.0183  中央値 +0.0120  勝率   0%  t +3.23 
  b+cluster.3      平均差 +0.0002  中央値 -0.0010  勝率  77%  t +0.17 
  type_solo        平均差 +0.0073  中央値 +0.0025  勝率   0%  t +2.38 
  b+type.3         平均差 -0.0010  中央値 -0.0013  勝率  85%  t -2.04 
  famgrp_solo      平均差 +0.0002  中央値 +0.0001  勝率  46%  t +0.31 
  b+famgrp.3       平均差 -0.0024  中央値 -0.0025  勝率 100%  t -6.82 ★

== 基準 cur(b+fam.3) / 2017年のみ n=13 ==
  cur+cluster0.15  平均差 +0.0004  中央値 -0.0003  勝率  62%  t +0.77 
  cur+cluster0.25  平均差 +0.0013  中央値 +0.0003  勝率  38%  t +1.36 
  cur+type0.15     平均差 -0.0002  中央値 -0.0002  勝率  69%  t -1.07 
  cur+type0.25     平均差 +0.0001  中央値 -0.0002  勝率  62%  t +0.30 
  cur+famgrp0.15   平均差 -0.0006  中央値 -0.0007  勝率  85%  t -4.56 ★
  cur+famgrp0.25   平均差 -0.0007  中央値 -0.0009  勝率  85%  t -3.73 ★
