g6: 4 群  内訳 {0: 4, 1: 7, 2: 11, 4: 11}
g4: 3 群  内訳 {0: 10, 1: 7, 2: 16}
g12: 6 群  内訳 {1: 4, 2: 1, 3: 6, 4: 5, 5: 6, 8: 11}
gseas: 5 群  内訳 {0: 11, 2: 10, 3: 1, 4: 5, 5: 6}
gpromo: 6 群  内訳 {0: 9, 1: 2, 2: 8, 3: 3, 4: 9, 5: 2}
2016-06-01  g6 0.4203  g4 0.4171  g12 0.4358  gseas 0.4297  gpromo 0.4213  190s
2016-06-17  g6 0.3958  g4 0.3937  g12 0.3927  gseas 0.3926  gpromo 0.3947  192s
2016-07-03  g6 0.3975  g4 0.3971  g12 0.3971  gseas 0.3999  gpromo 0.4019  193s
2016-07-19  g6 0.4202  g4 0.4175  g12 0.4205  gseas 0.4157  gpromo 0.4204  194s
2016-08-04  g6 0.5105  g4 0.5083  g12 0.5115  gseas 0.5098  gpromo 0.5079  196s
2016-08-20  g6 0.6340  g4 0.6393  g12 0.6358  gseas 0.6398  gpromo 0.6431  198s
2016-09-05  g6 0.4227  g4 0.4198  g12 0.4213  gseas 0.4203  gpromo 0.4213  199s
2016-09-21  g6 0.3892  g4 0.3910  g12 0.3879  gseas 0.3907  gpromo 0.3896  201s
2016-10-07  g6 0.4142  g4 0.4118  g12 0.4127  gseas 0.4126  gpromo 0.4204  202s
2016-10-23  g6 0.4493  g4 0.4471  g12 0.4481  gseas 0.4521  gpromo 0.4575  203s
2016-11-08  g6 0.4613  g4 0.4677  g12 0.4634  gseas 0.4636  gpromo 0.4591  204s
2016-11-24  g6 0.4370  g4 0.4452  g12 0.4369  gseas 0.4367  gpromo 0.4474  206s
2016-12-10  g6 0.4358  g4 0.4347  g12 0.4397  gseas 0.4394  gpromo 0.4438  207s
2016-12-26  g6 0.6250  g4 0.6688  g12 0.6101  gseas 0.6396  gpromo 0.6718  208s
2017-01-11  g6 0.4108  g4 0.4082  g12 0.4157  gseas 0.4104  gpromo 0.4193  211s
2017-01-27  g6 0.3875  g4 0.3859  g12 0.3887  gseas 0.3868  gpromo 0.3908  210s
2017-02-12  g6 0.5132  g4 0.5170  g12 0.5124  gseas 0.5107  gpromo 0.5141  213s
2017-02-28  g6 0.3905  g4 0.3925  g12 0.3903  gseas 0.3911  gpromo 0.3927  214s
2017-03-16  g6 0.4047  g4 0.4042  g12 0.4035  gseas 0.4044  gpromo 0.4090  215s
2017-04-01  g6 0.4923  g4 0.4899  g12 0.4879  gseas 0.4883  gpromo 0.4913  216s
2017-04-17  g6 0.4611  g4 0.4636  g12 0.4648  gseas 0.4668  gpromo 0.4700  217s
2017-05-03  g6 0.4296  g4 0.4277  g12 0.4327  gseas 0.4314  gpromo 0.4324  219s
2017-05-19  g6 0.3944  g4 0.3939  g12 0.3916  gseas 0.3987  gpromo 0.3925  220s
2017-06-04  g6 0.3878  g4 0.3880  g12 0.3899  gseas 0.3896  gpromo 0.3897  221s
2017-06-20  g6 0.3752  g4 0.3751  g12 0.3776  gseas 0.3764  gpromo 0.3762  222s
2017-07-06  g6 0.3835  g4 0.3810  g12 0.3848  gseas 0.3811  gpromo 0.3822  224s
2017-07-22  g6 0.3993  g4 0.3990  g12 0.3996  gseas 0.3987  gpromo 0.4007  225s

== 基準 cur / 年末年始を除く n=26 ==
  cur+g6.25          差 -0.0010  中央値 -0.0010  勝率  92%  t -5.96 ★
  cur+g4.25          差 -0.0009  中央値 -0.0007  勝率  88%  t -5.10 ★
  cur+g12.25         差 -0.0011  中央値 -0.0008  勝率  92%  t -5.01 ★
  cur+gseas.25       差 -0.0012  中央値 -0.0011  勝率  96%  t -5.66 ★
  cur+gpromo.25      差 -0.0008  中央値 -0.0007  勝率  77%  t -4.20 ★

== 基準 cur2 / 年末年始を除く n=26 ==
  cur2+g6.20         差 +0.0000  中央値 +0.0000  勝率  46%  t +0.08 
  cur2+g4.20         差 -0.0002  中央値 -0.0002  勝率  62%  t -1.94 
  cur2+g12.20        差 -0.0003  中央値 -0.0002  勝率  65%  t -1.93 
  cur2+gseas.20      差 -0.0006  中央値 -0.0005  勝率  85%  t -4.14 ★
  cur2+gpromo.20     差 -0.0004  中央値 -0.0002  勝率  73%  t -2.96 

== 基準 cur / 2017年のみ n=13 ==
  cur+g6.25          差 -0.0007  中央値 -0.0009  勝率  85%  t -3.73 ★
  cur+g4.25          差 -0.0006  中央値 -0.0005  勝率  85%  t -3.48 ★
  cur+g12.25         差 -0.0007  中央値 -0.0006  勝率  92%  t -4.23 ★
  cur+gseas.25       差 -0.0008  中央値 -0.0009  勝率 100%  t -5.70 ★
  cur+gpromo.25      差 -0.0004  中央値 -0.0004  勝率  69%  t -2.14 

== 基準 cur2 / 2017年のみ n=13 ==
  cur2+g6.20         差 +0.0002  中央値 +0.0001  勝率  38%  t +1.82 
  cur2+g4.20         差 -0.0001  中央値 -0.0001  勝率  62%  t -0.96 
  cur2+g12.20        差 -0.0001  中央値 -0.0000  勝率  54%  t -0.82 
  cur2+gseas.20      差 -0.0004  中央値 -0.0004  勝率  92%  t -4.64 ★
  cur2+gpromo.20     差 -0.0001  中央値 -0.0001  勝率  62%  t -0.71 
