2016-06-01  direct 0.4193  rec 0.4123  rec_z21 0.4063  (h1-4 0.4072 / h13-16 0.4150)  47s
2016-06-17  direct 0.3959  rec 0.3902  rec_z21 0.3840  (h1-4 0.3978 / h13-16 0.3964)  47s
2016-07-03  direct 0.4006  rec 0.3935  rec_z21 0.3880  (h1-4 0.3722 / h13-16 0.4109)  50s
2016-07-19  direct 0.4196  rec 0.4037  rec_z21 0.3977  (h1-4 0.4006 / h13-16 0.3977)  51s
2016-08-04  direct 0.5112  rec 0.5274  rec_z21 0.5099  (h1-4 0.4184 / h13-16 0.6820)  52s
2016-08-20  direct 0.6421  rec 0.6055  rec_z21 0.6027  (h1-4 0.5041 / h13-16 0.6499)  53s
2016-09-05  direct 0.4225  rec 0.4151  rec_z21 0.4078  (h1-4 0.4445 / h13-16 0.4062)  52s
2016-09-21  direct 0.3906  rec 0.3750  rec_z21 0.3652  (h1-4 0.3597 / h13-16 0.3864)  53s
2016-10-07  direct 0.4127  rec 0.4041  rec_z21 0.4007  (h1-4 0.3762 / h13-16 0.4142)  53s
2016-10-23  direct 0.4599  rec 0.4816  rec_z21 0.6657  (h1-4 0.3774 / h13-16 0.4967)  54s
2016-11-08  direct 0.4678  rec 0.4537  rec_z21 0.4450  (h1-4 0.3916 / h13-16 0.4125)  55s
2016-11-24  direct 0.4533  rec 0.4741  rec_z21 0.5652  (h1-4 0.3951 / h13-16 0.5474)  55s
2016-12-10  direct 0.4368  rec 0.4378  rec_z21 0.4334  (h1-4 0.3936 / h13-16 0.4702)  56s
2016-12-26  direct 0.6539  rec 0.5366  rec_z21 0.5325  (h1-4 0.4431 / h13-16 0.5215)  58s
2017-01-11  direct 0.4077  rec 0.3914  rec_z21 0.3862  (h1-4 0.3812 / h13-16 0.4042)  58s
2017-01-27  direct 0.3872  rec 0.3787  rec_z21 0.3717  (h1-4 0.3648 / h13-16 0.3814)  60s
2017-02-12  direct 0.5143  rec 0.5129  rec_z21 0.5084  (h1-4 0.4312 / h13-16 0.4890)  60s
2017-02-28  direct 0.3907  rec 0.3952  rec_z21 0.3898  (h1-4 0.3925 / h13-16 0.3950)  61s
2017-03-16  direct 0.4036  rec 0.4007  rec_z21 0.4108  (h1-4 0.3593 / h13-16 0.4405)  62s
2017-04-01  direct 0.4891  rec 0.4893  rec_z21 0.4881  (h1-4 0.6603 / h13-16 0.4361)  62s
2017-04-17  direct 0.4645  rec 0.5495  rec_z21 0.7364  (h1-4 0.5107 / h13-16 0.5608)  63s
2017-05-03  direct 0.4313  rec 0.4239  rec_z21 0.4215  (h1-4 0.3915 / h13-16 0.4248)  63s
2017-05-19  direct 0.3970  rec 0.3870  rec_z21 0.3834  (h1-4 0.3794 / h13-16 0.3884)  65s
2017-06-04  direct 0.3880  rec 0.3863  rec_z21 0.3819  (h1-4 0.3880 / h13-16 0.3983)  65s
2017-06-20  direct 0.3745  rec 0.3743  rec_z21 0.3696  (h1-4 0.3812 / h13-16 0.3670)  68s
2017-07-06  direct 0.3834  rec 0.3807  rec_z21 0.3764  (h1-4 0.3576 / h13-16 0.3969)  68s
2017-07-22  direct 0.3962  rec 0.4015  rec_z21 0.3967  (h1-4 0.3767 / h13-16 0.4102)  68s

== 27 fold 平均 ==
rec           0.4364
rec_h1_4      0.4095
rec_h13_16    0.4481
rec_z21       0.4491
direct        0.4413
best4         0.4347

== 基準 direct / 年末年始を除く n=26 ==
  rec       差 -0.0006  中央値 -0.0043  勝率  69%  t -0.14 
  rec_z21   差 +0.0128  中央値 -0.0084  勝率  81%  t +0.91 

== 基準 best4 / 年末年始を除く n=26 ==
  rec       差 +0.0066  中央値 +0.0007  勝率  46%  t +1.48 
  rec_z21   差 +0.0199  中央値 -0.0033  勝率  65%  t +1.37 

== 基準 direct / 2017年のみ n=13 ==
  rec       差 +0.0034  中央値 -0.0018  勝率  69%  t +0.48 
  rec_z21   差 +0.0149  中央値 -0.0059  勝率  77%  t +0.69 

== 基準 best4 / 2017年のみ n=13 ==
  rec       差 +0.0088  中央値 +0.0014  勝率  31%  t +1.23 
  rec_z21   差 +0.0203  中央値 -0.0022  勝率  62%  t +0.93 
