2016-06-01  best4 0.4169  rec 0.4123  c99 0.4059  c95 0.4057  | +rec.3 0.4096  +c95.3 0.4088  47s
2016-06-17  best4 0.3893  rec 0.3902  c99 0.3844  c95 0.3845  | +rec.3 0.3859  +c95.3 0.3852  48s
2016-07-03  best4 0.3961  rec 0.3935  c99 0.3891  c95 0.3892  | +rec.3 0.3918  +c95.3 0.3915  50s
2016-07-19  best4 0.4142  rec 0.4037  c99 0.3990  c95 0.3992  | +rec.3 0.4074  +c95.3 0.4070  51s
2016-08-04  best4 0.5035  rec 0.5274  c99 0.5084  c95 0.5116  | +rec.3 0.5054  +c95.3 0.4978  51s
2016-08-20  best4 0.6315  rec 0.6055  c99 0.6030  c95 0.6064  | +rec.3 0.6147  +c95.3 0.6143  51s
2016-09-05  best4 0.4157  rec 0.4151  c99 0.4102  c95 0.4097  | +rec.3 0.4106  +c95.3 0.4099  52s
2016-09-21  best4 0.3849  rec 0.3750  c99 0.3701  c95 0.3706  | +rec.3 0.3759  +c95.3 0.3754  53s
2016-10-07  best4 0.4089  rec 0.4041  c99 0.4088  c95 0.4083  | +rec.3 0.4031  +c95.3 0.4053  54s
2016-10-23  best4 0.4434  rec 0.4816  c99 0.4756  c95 0.4749  | +rec.3 0.4438  +c95.3 0.4426  55s
2016-11-08  best4 0.4581  rec 0.4537  c99 0.4483  c95 0.4481  | +rec.3 0.4513  +c95.3 0.4505  56s
2016-11-24  best4 0.4327  rec 0.4741  c99 0.5655  c95 0.5654  | +rec.3 0.4297  +c95.3 0.4418  56s
2016-12-10  best4 0.4222  rec 0.4378  c99 0.4620  c95 0.4833  | +rec.3 0.4203  +c95.3 0.4279  57s
2016-12-26  best4 0.6618  rec 0.5366  c99 0.5323  c95 0.5346  | +rec.3 0.6046  +c95.3 0.6053  58s
2017-01-11  best4 0.3990  rec 0.3914  c99 0.3866  c95 0.3864  | +rec.3 0.3910  +c95.3 0.3904  59s
2017-01-27  best4 0.3803  rec 0.3787  c99 0.3721  c95 0.3720  | +rec.3 0.3757  +c95.3 0.3749  61s
2017-02-12  best4 0.5089  rec 0.5129  c99 0.5086  c95 0.5087  | +rec.3 0.5078  +c95.3 0.5074  61s
2017-02-28  best4 0.3859  rec 0.3952  c99 0.3901  c95 0.3897  | +rec.3 0.3828  +c95.3 0.3822  62s
2017-03-16  best4 0.3999  rec 0.4007  c99 0.4171  c95 0.4192  | +rec.3 0.3969  +c95.3 0.4003  63s
2017-04-01  best4 0.4843  rec 0.4893  c99 0.4860  c95 0.4902  | +rec.3 0.4823  +c95.3 0.4834  63s
2017-04-17  best4 0.4564  rec 0.5495  c99 0.7363  c95 0.7364  | +rec.3 0.4699  +c95.3 0.5055  64s
2017-05-03  best4 0.4243  rec 0.4239  c99 0.4215  c95 0.4215  | +rec.3 0.4202  +c95.3 0.4200  64s
2017-05-19  best4 0.3881  rec 0.3870  c99 0.3837  c95 0.3839  | +rec.3 0.3846  +c95.3 0.3842  66s
2017-06-04  best4 0.3849  rec 0.3863  c99 0.3824  c95 0.3825  | +rec.3 0.3825  +c95.3 0.3821  67s
2017-06-20  best4 0.3718  rec 0.3743  c99 0.3708  c95 0.3709  | +rec.3 0.3699  +c95.3 0.3695  67s
2017-07-06  best4 0.3801  rec 0.3807  c99 0.3774  c95 0.3773  | +rec.3 0.3777  +c95.3 0.3774  68s
2017-07-22  best4 0.3935  rec 0.4015  c99 0.4019  c95 0.4089  | +rec.3 0.3929  +c95.3 0.3952  69s

== 27 fold 平均 ==
rec                 0.4364
rec_c99             0.4443
rec_c95             0.4459
best4               0.4347
best4+rec0.2        0.4305
best4+rec0.3        0.4292
best4+rec0.4        0.4285
best4+rec_c950.2    0.4315
best4+rec_c950.3    0.4310
best4+rec_c950.4    0.4312

== 基準 best4 / 年末年始を除く n=26 ==
  rec                差 +0.0066  中央値 +0.0007  勝率  46%  t +1.48 
  rec_c99            差 +0.0150  中央値 -0.0026  勝率  65%  t +1.24 
  rec_c95            差 +0.0165  中央値 -0.0026  勝率  65%  t +1.36 
  best4+rec0.2       差 -0.0029  中央値 -0.0026  勝率  92%  t -4.50 ★
  best4+rec0.3       差 -0.0035  中央値 -0.0033  勝率  88%  t -3.56 ★
  best4+rec0.4       差 -0.0036  中央値 -0.0037  勝率  88%  t -2.65 ★
  best4+rec_c950.2   差 -0.0018  中央値 -0.0029  勝率  85%  t -1.37 
  best4+rec_c950.3   差 -0.0017  中央値 -0.0038  勝率  81%  t -0.75 
  best4+rec_c950.4   差 -0.0009  中央値 -0.0045  勝率  77%  t -0.27 

== 基準 best4 / 2017年のみ n=13 ==
  rec                差 +0.0088  中央値 +0.0014  勝率  31%  t +1.23 
  rec_c99            差 +0.0213  中央値 -0.0010  勝率  62%  t +0.98 
  rec_c95            差 +0.0223  中央値 -0.0009  勝率  62%  t +1.03 
  best4+rec0.2       差 -0.0016  中央値 -0.0018  勝率  92%  t -1.94 ★
  best4+rec0.3       差 -0.0018  中央値 -0.0023  勝率  92%  t -1.31 ★
  best4+rec0.4       差 -0.0015  中央値 -0.0026  勝率  92%  t -0.77 ★
  best4+rec_c950.2   差 +0.0001  中央値 -0.0020  勝率  85%  t +0.06 
  best4+rec_c950.3   差 +0.0012  中央値 -0.0027  勝率  77%  t +0.29 
  best4+rec_c950.4   差 +0.0027  中央値 -0.0032  勝率  77%  t +0.46 
