2016-06-01  lgb 0.4193  xgb 0.4231  | 残差corr 0.971  best4 0.4169  +xgb.15 0.4162  +xgb.25 0.4161  33s
2016-06-17  lgb 0.3959  xgb 0.3908  | 残差corr 0.983  best4 0.3893  +xgb.15 0.3886  +xgb.25 0.3883  34s
2016-07-03  lgb 0.4006  xgb 0.3990  | 残差corr 0.984  best4 0.3961  +xgb.15 0.3957  +xgb.25 0.3956  35s
2016-07-19  lgb 0.4196  xgb 0.4136  | 残差corr 0.984  best4 0.4142  +xgb.15 0.4132  +xgb.25 0.4127  36s
2016-08-04  lgb 0.5112  xgb 0.5104  | 残差corr 0.986  best4 0.5035  +xgb.15 0.5035  +xgb.25 0.5036  36s
2016-08-20  lgb 0.6421  xgb 0.5357  | 残差corr 0.965  best4 0.6315  +xgb.15 0.6148  +xgb.25 0.6041  37s
2016-09-05  lgb 0.4229  xgb 0.4367  | 残差corr 0.931  best4 0.4157  +xgb.15 0.4156  +xgb.25 0.4162  39s
2016-09-21  lgb 0.3906  xgb 0.4043  | 残差corr 0.968  best4 0.3849  +xgb.15 0.3862  +xgb.25 0.3874  40s
2016-10-07  lgb 0.4127  xgb 0.4144  | 残差corr 0.981  best4 0.4089  +xgb.15 0.4088  +xgb.25 0.4089  40s
2016-10-23  lgb 0.4599  xgb 0.4615  | 残差corr 0.960  best4 0.4434  +xgb.15 0.4434  +xgb.25 0.4440  41s
2016-11-08  lgb 0.4678  xgb 0.4464  | 残差corr 0.978  best4 0.4581  +xgb.15 0.4550  +xgb.25 0.4532  41s
2016-11-24  lgb 0.4533  xgb 0.4477  | 残差corr 0.979  best4 0.4327  +xgb.15 0.4337  +xgb.25 0.4347  42s
2016-12-10  lgb 0.4382  xgb 0.4309  | 残差corr 0.967  best4 0.4222  +xgb.15 0.4217  +xgb.25 0.4217  43s
2016-12-26  lgb 0.6539  xgb 0.6133  | 残差corr 0.937  best4 0.6618  +xgb.15 0.6491  +xgb.25 0.6416  45s
2017-01-11  lgb 0.4075  xgb 0.4099  | 残差corr 0.962  best4 0.3990  +xgb.15 0.3988  +xgb.25 0.3991  44s
2017-01-27  lgb 0.3872  xgb 0.3856  | 残差corr 0.980  best4 0.3803  +xgb.15 0.3800  +xgb.25 0.3800  45s
2017-02-12  lgb 0.5143  xgb 0.5152  | 残差corr 0.991  best4 0.5089  +xgb.15 0.5092  +xgb.25 0.5095  46s
2017-02-28  lgb 0.3907  xgb 0.3888  | 残差corr 0.985  best4 0.3859  +xgb.15 0.3855  +xgb.25 0.3855  46s
2017-03-16  lgb 0.4036  xgb 0.4035  | 残差corr 0.990  best4 0.3999  +xgb.15 0.3998  +xgb.25 0.3998  48s
2017-04-01  lgb 0.4891  xgb 0.4939  | 残差corr 0.989  best4 0.4843  +xgb.15 0.4851  +xgb.25 0.4858  49s
2017-04-17  lgb 0.4645  xgb 0.4588  | 残差corr 0.985  best4 0.4564  +xgb.15 0.4558  +xgb.25 0.4556  48s
2017-05-03  lgb 0.4313  xgb 0.4299  | 残差corr 0.985  best4 0.4243  +xgb.15 0.4242  +xgb.25 0.4243  50s
2017-05-19  lgb 0.3970  xgb 0.3940  | 残差corr 0.983  best4 0.3881  +xgb.15 0.3881  +xgb.25 0.3883  50s
2017-06-04  lgb 0.3880  xgb 0.3883  | 残差corr 0.989  best4 0.3849  +xgb.15 0.3848  +xgb.25 0.3849  51s
2017-06-20  lgb 0.3745  xgb 0.3764  | 残差corr 0.988  best4 0.3718  +xgb.15 0.3719  +xgb.25 0.3721  52s
2017-07-06  lgb 0.3834  xgb 0.3819  | 残差corr 0.991  best4 0.3801  +xgb.15 0.3798  +xgb.25 0.3798  53s
2017-07-22  lgb 0.3962  xgb 0.3979  | 残差corr 0.990  best4 0.3935  +xgb.15 0.3936  +xgb.25 0.3938  53s

== 27 fold 平均 ==
lgb              0.4413
xgb              0.4353
corr_xgb         0.9771
best4            0.4347
best4+xgb0.1     0.4338
best4+xgb0.15    0.4334
best4+xgb0.2     0.4331
best4+xgb0.25    0.4328
best4+xgb0.35    0.4325

== 基準 best4 / 年末年始を除く n=26 ==
  best4+xgb0.1       差 -0.0006  中央値 -0.0002  勝率  77%  最悪 +0.0008  t -1.38 
  best4+xgb0.15      差 -0.0008  中央値 -0.0001  勝率  73%  最悪 +0.0013  t -1.27 
  best4+xgb0.2       差 -0.0010  中央値 -0.0001  勝率  62%  最悪 +0.0019  t -1.17 
  best4+xgb0.25      差 -0.0011  中央値 -0.0000  勝率  54%  最悪 +0.0025  t -1.06 
  best4+xgb0.35      差 -0.0013  中央値 +0.0002  勝率  42%  最悪 +0.0040  t -0.85 

== 基準 best4 / 2017年のみ n=13 ==
  best4+xgb0.1       差 -0.0001  中央値 -0.0001  勝率  69%  最悪 +0.0005  t -1.11 
  best4+xgb0.15      差 -0.0001  中央値 -0.0001  勝率  69%  最悪 +0.0008  t -0.61 
  best4+xgb0.2       差 -0.0000  中央値 -0.0001  勝率  62%  最悪 +0.0011  t -0.08 
  best4+xgb0.25      差 +0.0001  中央値 +0.0000  勝率  46%  最悪 +0.0014  t +0.46 
  best4+xgb0.35      差 +0.0003  中央値 +0.0002  勝率  31%  最悪 +0.0022  t +1.58 
