== 期間 ==
train: 2013-01-01 -> 2017-08-15 日数 1684
test : 2017-08-16 -> 2017-08-31 日数 16
store_nbr: 54 family: 33 系列数 1782
train行/日 = 1782.0   test行: 28512
欠測日(train全日付が連続か): DatetimeIndex(['2013-12-25', '2014-12-25', '2015-12-25', '2016-12-25'], dtype='datetime64[ns]', freq=None)

== sales 分布 ==
count    3.000888e+06
mean     3.577757e+02
std      1.101998e+03
min      0.000000e+00
25%      0.000000e+00
50%      1.100000e+01
75%      1.958473e+02
max      1.247170e+05
Name: sales, dtype: float64
sales==0 比率: 0.313
log1p後 std: 2.695

== 店舗別 開店日(最初に非ゼロ売上が出た日) ==
store_nbr
1    2013-01-02
2    2013-01-02
3    2013-01-02
4    2013-01-02
5    2013-01-02
6    2013-01-02
7    2013-01-02
8    2013-01-02
9    2013-01-02
10   2013-01-02
11   2013-01-02
12   2013-01-02
13   2013-01-02
14   2013-01-02
15   2013-01-02
16   2013-01-02
17   2013-01-02
18   2013-01-02
19   2013-01-02
20   2015-02-13
21   2015-07-24
22   2015-10-09
23   2013-01-02
24   2013-01-02
26   2013-01-02
27   2013-01-02
28   2013-01-02
29   2015-03-20
30   2013-01-02
31   2013-01-02
32   2013-01-02
33   2013-01-02
34   2013-01-02
35   2013-01-02
36   2013-05-09
37   2013-01-02
38   2013-01-02
39   2013-01-02
40   2013-01-02
41   2013-01-02
42   2015-08-21
43   2013-01-02
44   2013-01-02
45   2013-01-02
46   2013-01-02
47   2013-01-02
48   2013-01-02
49   2013-01-02
50   2013-01-02
51   2013-01-02
52   2017-04-20
53   2014-05-29
54   2013-01-02

== family別 ゼロ比率 上位/下位 ==
family
BREAD/BAKERY    0.080606
BEVERAGES       0.080617
MEATS           0.080617
CLEANING        0.080617
DAIRY           0.080617
...
family
HARDWARE                      0.478622
PET SUPPLIES                  0.546153
MAGAZINES                     0.565387
LADIESWEAR                    0.598465
HOME APPLIANCES               0.735176
SCHOOL AND OFFICE SUPPLIES    0.740829
BABY CARE                     0.941310
BOOKS                         0.969550

== 直近: 各系列で最後の N 日すべてゼロの系列数 ==
直近60日 合計0 の系列数: 96 / 1782

== onpromotion ==
train mean 2.603 max 741 / test mean 6.965 max 646
train 2014年以前のonpromotion合計: 459114

== transactions ==
期間: 2013-01-01 -> 2017-08-15   ※test期間に無い→未来特徴として使えない

== oil ==
期間: 2013-01-01 -> 2017-08-31 欠損: 43 / 1218

== holidays type/locale ==
type
Holiday       221
Event          56
Additional     51
Transfer       12
Bridge          5
Work Day        5
locale
National    174
Local       152
Regional     24
transferred=True: 12
test期間に重なる祝日:
          date     type locale locale_name          description  transferred
327 2017-08-24  Holiday  Local      Ambato  Fundacion de Ambato        False

== stores ==
type
D    18
C    15
A     9
B     8
E     4
cluster数: 17 city数: 22 state数: 16

== 全店合計売上の月次(直近12ヶ月) ==
date
2016-09    2.241745e+07
2016-10    2.403039e+07
2016-11    2.464264e+07
2016-12    2.964029e+07
2017-01    2.632816e+07
2017-02    2.325011e+07
2017-03    2.670402e+07
2017-04    2.589531e+07
2017-05    2.691185e+07
2017-06    2.568282e+07
2017-07    2.701148e+07
2017-08    1.243332e+07
Freq: M

== 1/1 の売上 ==
date
2013-01-01     2511.618999
2014-01-01     8602.065404
2015-01-01    12773.616980
2016-01-01    16433.394000
2017-01-01    12082.500997

== 曜日別平均 ==
date
0    346.544732
1    319.823843
2    332.909401
3    283.540517
4    325.238138
5    433.336472
6    463.085366

== 日付(給料日)別平均 ==
date
1     399.58
2     417.22
3     402.16
4     392.81
5     383.75
6     373.06
7     364.15
8     352.08
9     349.66
10    338.84
11    340.45
12    342.43
13    339.68
14    336.01
15    348.74
16    361.99
17    355.43
18    355.42
19    350.48
20    356.92
21    355.30
22    352.72
23    357.68
24    345.20
25    326.49
26    335.51
27    328.87
28    334.63
29    345.82
30    367.36
31    389.54
